Archive member included to satisfy reference by file (symbol)

c:/st/stm32cubeide_1.4.0/stm32cubeide/plugins/com.st.stm32cube.ide.mcu.externaltools.gnu-tools-for-stm32.7-2018-q2-update.win32_1.4.0.202007081208/tools/bin/../lib/gcc/arm-none-eabi/7.3.1/../../../../arm-none-eabi/lib/thumb/v7e-m/fpv4-sp/hard\libstdc++_nano.a(del_ops.o)
                              Core/Src/PIDHorizontal.o (operator delete(void*, unsigned int))
c:/st/stm32cubeide_1.4.0/stm32cubeide/plugins/com.st.stm32cube.ide.mcu.externaltools.gnu-tools-for-stm32.7-2018-q2-update.win32_1.4.0.202007081208/tools/bin/../lib/gcc/arm-none-eabi/7.3.1/../../../../arm-none-eabi/lib/thumb/v7e-m/fpv4-sp/hard\libstdc++_nano.a(del_op.o)
                              c:/st/stm32cubeide_1.4.0/stm32cubeide/plugins/com.st.stm32cube.ide.mcu.externaltools.gnu-tools-for-stm32.7-2018-q2-update.win32_1.4.0.202007081208/tools/bin/../lib/gcc/arm-none-eabi/7.3.1/../../../../arm-none-eabi/lib/thumb/v7e-m/fpv4-sp/hard\libstdc++_nano.a(del_ops.o) (operator delete(void*))
c:/st/stm32cubeide_1.4.0/stm32cubeide/plugins/com.st.stm32cube.ide.mcu.externaltools.gnu-tools-for-stm32.7-2018-q2-update.win32_1.4.0.202007081208/tools/bin/../lib/gcc/arm-none-eabi/7.3.1/../../../../arm-none-eabi/lib/thumb/v7e-m/fpv4-sp/hard\libm.a(lib_a-s_cos.o)
                              Core/Src/GPS.o (cos)
c:/st/stm32cubeide_1.4.0/stm32cubeide/plugins/com.st.stm32cube.ide.mcu.externaltools.gnu-tools-for-stm32.7-2018-q2-update.win32_1.4.0.202007081208/tools/bin/../lib/gcc/arm-none-eabi/7.3.1/../../../../arm-none-eabi/lib/thumb/v7e-m/fpv4-sp/hard\libm.a(lib_a-s_sin.o)
                              Core/Src/IMU9DOF.o (sin)
c:/st/stm32cubeide_1.4.0/stm32cubeide/plugins/com.st.stm32cube.ide.mcu.externaltools.gnu-tools-for-stm32.7-2018-q2-update.win32_1.4.0.202007081208/tools/bin/../lib/gcc/arm-none-eabi/7.3.1/../../../../arm-none-eabi/lib/thumb/v7e-m/fpv4-sp/hard\libm.a(lib_a-w_pow.o)
                              Core/Src/BMP180.o (pow)
c:/st/stm32cubeide_1.4.0/stm32cubeide/plugins/com.st.stm32cube.ide.mcu.externaltools.gnu-tools-for-stm32.7-2018-q2-update.win32_1.4.0.202007081208/tools/bin/../lib/gcc/arm-none-eabi/7.3.1/../../../../arm-none-eabi/lib/thumb/v7e-m/fpv4-sp/hard\libm.a(lib_a-w_sqrt.o)
                              Core/Src/IMU9DOF.o (sqrt)
c:/st/stm32cubeide_1.4.0/stm32cubeide/plugins/com.st.stm32cube.ide.mcu.externaltools.gnu-tools-for-stm32.7-2018-q2-update.win32_1.4.0.202007081208/tools/bin/../lib/gcc/arm-none-eabi/7.3.1/../../../../arm-none-eabi/lib/thumb/v7e-m/fpv4-sp/hard\libm.a(lib_a-wf_asin.o)
                              Core/Src/IMU9DOF.o (asinf)
c:/st/stm32cubeide_1.4.0/stm32cubeide/plugins/com.st.stm32cube.ide.mcu.externaltools.gnu-tools-for-stm32.7-2018-q2-update.win32_1.4.0.202007081208/tools/bin/../lib/gcc/arm-none-eabi/7.3.1/../../../../arm-none-eabi/lib/thumb/v7e-m/fpv4-sp/hard\libm.a(lib_a-wf_atan2.o)
                              Core/Src/IMU9DOF.o (atan2f)
c:/st/stm32cubeide_1.4.0/stm32cubeide/plugins/com.st.stm32cube.ide.mcu.externaltools.gnu-tools-for-stm32.7-2018-q2-update.win32_1.4.0.202007081208/tools/bin/../lib/gcc/arm-none-eabi/7.3.1/../../../../arm-none-eabi/lib/thumb/v7e-m/fpv4-sp/hard\libm.a(lib_a-e_pow.o)
                              c:/st/stm32cubeide_1.4.0/stm32cubeide/plugins/com.st.stm32cube.ide.mcu.externaltools.gnu-tools-for-stm32.7-2018-q2-update.win32_1.4.0.202007081208/tools/bin/../lib/gcc/arm-none-eabi/7.3.1/../../../../arm-none-eabi/lib/thumb/v7e-m/fpv4-sp/hard\libm.a(lib_a-w_pow.o) (__ieee754_pow)
c:/st/stm32cubeide_1.4.0/stm32cubeide/plugins/com.st.stm32cube.ide.mcu.externaltools.gnu-tools-for-stm32.7-2018-q2-update.win32_1.4.0.202007081208/tools/bin/../lib/gcc/arm-none-eabi/7.3.1/../../../../arm-none-eabi/lib/thumb/v7e-m/fpv4-sp/hard\libm.a(lib_a-e_rem_pio2.o)
                              c:/st/stm32cubeide_1.4.0/stm32cubeide/plugins/com.st.stm32cube.ide.mcu.externaltools.gnu-tools-for-stm32.7-2018-q2-update.win32_1.4.0.202007081208/tools/bin/../lib/gcc/arm-none-eabi/7.3.1/../../../../arm-none-eabi/lib/thumb/v7e-m/fpv4-sp/hard\libm.a(lib_a-s_cos.o) (__ieee754_rem_pio2)
c:/st/stm32cubeide_1.4.0/stm32cubeide/plugins/com.st.stm32cube.ide.mcu.externaltools.gnu-tools-for-stm32.7-2018-q2-update.win32_1.4.0.202007081208/tools/bin/../lib/gcc/arm-none-eabi/7.3.1/../../../../arm-none-eabi/lib/thumb/v7e-m/fpv4-sp/hard\libm.a(lib_a-e_sqrt.o)
                              c:/st/stm32cubeide_1.4.0/stm32cubeide/plugins/com.st.stm32cube.ide.mcu.externaltools.gnu-tools-for-stm32.7-2018-q2-update.win32_1.4.0.202007081208/tools/bin/../lib/gcc/arm-none-eabi/7.3.1/../../../../arm-none-eabi/lib/thumb/v7e-m/fpv4-sp/hard\libm.a(lib_a-w_sqrt.o) (__ieee754_sqrt)
c:/st/stm32cubeide_1.4.0/stm32cubeide/plugins/com.st.stm32cube.ide.mcu.externaltools.gnu-tools-for-stm32.7-2018-q2-update.win32_1.4.0.202007081208/tools/bin/../lib/gcc/arm-none-eabi/7.3.1/../../../../arm-none-eabi/lib/thumb/v7e-m/fpv4-sp/hard\libm.a(lib_a-ef_asin.o)
[...]
Memory Configuration

Name             Origin             Length             Attributes
CCMRAM           0x0000000010000000 0x0000000000010000 xrw
RAM              0x0000000020000000 0x0000000000020000 xrw
FLASH            0x0000000008000000 0x0000000000100000 xr
*default*        0x0000000000000000 0xffffffffffffffff

Linker script and memory map

LOAD c:/st/stm32cubeide_1.4.0/stm32cubeide/plugins/com.st.stm32cube.ide.mcu.externaltools.gnu-tools-for-stm32.7-2018-q2-update.win32_1.4.0.202007081208/tools/bin/../lib/gcc/arm-none-eabi/7.3.1/thumb/v7e-m/fpv4-sp/hard/crti.o
LOAD c:/st/stm32cubeide_1.4.0/stm32cubeide/plugins/com.st.stm32cube.ide.mcu.externaltools.gnu-tools-for-stm32.7-2018-q2-update.win32_1.4.0.202007081208/tools/bin/../lib/gcc/arm-none-eabi/7.3.1/thumb/v7e-m/fpv4-sp/hard/crtbegin.o
LOAD c:/st/stm32cubeide_1.4.0/stm32cubeide/plugins/com.st.stm32cube.ide.mcu.externaltools.gnu-tools-for-stm32.7-2018-q2-update.win32_1.4.0.202007081208/tools/bin/../lib/gcc/arm-none-eabi/7.3.1/../../../../arm-none-eabi/lib/thumb/v7e-m/fpv4-sp/hard/crt0.o
LOAD Core/Src/BMP180.o
LOAD Core/Src/GPS.o
LOAD Core/Src/HuLaNRF24L01.o
LOAD Core/Src/IMU9DOF.o
LOAD Core/Src/MySerial.o
LOAD Core/Src/PIDHorizontal.o
LOAD Core/Src/barometer.o
LOAD Core/Src/dwt_stm32_delay.o
LOAD Core/Src/flash.o
LOAD Core/Src/main.o
LOAD Core/Src/stm32f4xx_hal_msp.o
LOAD Core/Src/stm32f4xx_it.o
LOAD Core/Src/syscalls.o
LOAD Core/Src/sysmem.o
LOAD Core/Src/system_stm32f4xx.o
LOAD Core/Startup/startup_stm32f407vgtx.o
LOAD Drivers/STM32F4xx_HAL_Driver/Src/stm32f4xx_hal.o
LOAD Drivers/STM32F4xx_HAL_Driver/Src/stm32f4xx_hal_adc.o
LOAD Drivers/STM32F4xx_HAL_Driver/Src/stm32f4xx_hal_adc_ex.o
LOAD Drivers/STM32F4xx_HAL_Driver/Src/stm32f4xx_hal_cortex.o
LOAD Drivers/STM32F4xx_HAL_Driver/Src/stm32f4xx_hal_dma.o
LOAD Drivers/STM32F4xx_HAL_Driver/Src/stm32f4xx_hal_dma_ex.o
LOAD Drivers/STM32F4xx_HAL_Driver/Src/stm32f4xx_hal_exti.o
LOAD Drivers/STM32F4xx_HAL_Driver/Src/stm32f4xx_hal_flash.o
LOAD Drivers/STM32F4xx_HAL_Driver/Src/stm32f4xx_hal_flash_ex.o
LOAD Drivers/STM32F4xx_HAL_Driver/Src/stm32f4xx_hal_flash_ramfunc.o
LOAD Drivers/STM32F4xx_HAL_Driver/Src/stm32f4xx_hal_gpio.o
LOAD Drivers/STM32F4xx_HAL_Driver/Src/stm32f4xx_hal_i2c.o
LOAD Drivers/STM32F4xx_HAL_Driver/Src/stm32f4xx_hal_i2c_ex.o
LOAD Drivers/STM32F4xx_HAL_Driver/Src/stm32f4xx_hal_pwr.o
LOAD Drivers/STM32F4xx_HAL_Driver/Src/stm32f4xx_hal_pwr_ex.o
LOAD Drivers/STM32F4xx_HAL_Driver/Src/stm32f4xx_hal_rcc.o
LOAD Drivers/STM32F4xx_HAL_Driver/Src/stm32f4xx_hal_rcc_ex.o
LOAD Drivers/STM32F4xx_HAL_Driver/Src/stm32f4xx_hal_spi.o
LOAD Drivers/STM32F4xx_HAL_Driver/Src/stm32f4xx_hal_tim.o
LOAD Drivers/STM32F4xx_HAL_Driver/Src/stm32f4xx_hal_tim_ex.o
LOAD Drivers/STM32F4xx_HAL_Driver/Src/stm32f4xx_hal_uart.o
START GROUP
LOAD c:/st/stm32cubeide_1.4.0/stm32cubeide/plugins/com.st.stm32cube.ide.mcu.externaltools.gnu-tools-for-stm32.7-2018-q2-update.win32_1.4.0.202007081208/tools/bin/../lib/gcc/arm-none-eabi/7.3.1/../../../../arm-none-eabi/lib/thumb/v7e-m/fpv4-sp/hard\libstdc++_nano.a
LOAD c:/st/stm32cubeide_1.4.0/stm32cubeide/plugins/com.st.stm32cube.ide.mcu.externaltools.gnu-tools-for-stm32.7-2018-q2-update.win32_1.4.0.202007081208/tools/bin/../lib/gcc/arm-none-eabi/7.3.1/../../../../arm-none-eabi/lib/thumb/v7e-m/fpv4-sp/hard\libsupc++_nano.a
END GROUP
LOAD c:/st/stm32cubeide_1.4.0/stm32cubeide/plugins/com.st.stm32cube.ide.mcu.externaltools.gnu-tools-for-stm32.7-2018-q2-update.win32_1.4.0.202007081208/tools/bin/../lib/gcc/arm-none-eabi/7.3.1/../../../../arm-none-eabi/lib/thumb/v7e-m/fpv4-sp/hard\libstdc++_nano.a
LOAD c:/st/stm32cubeide_1.4.0/stm32cubeide/plugins/com.st.stm32cube.ide.mcu.externaltools.gnu-tools-for-stm32.7-2018-q2-update.win32_1.4.0.202007081208/tools/bin/../lib/gcc/arm-none-eabi/7.3.1/../../../../arm-none-eabi/lib/thumb/v7e-m/fpv4-sp/hard\libm.a
LOAD c:/st/stm32cubeide_1.4.0/stm32cubeide/plugins/com.st.stm32cube.ide.mcu.externaltools.gnu-tools-for-stm32.7-2018-q2-update.win32_1.4.0.202007081208/tools/bin/../lib/gcc/arm-none-eabi/7.3.1/../../../../arm-none-eabi/lib/thumb/v7e-m/fpv4-sp/hard\libc_nano.a
START GROUP
LOAD c:/st/stm32cubeide_1.4.0/stm32cubeide/plugins/com.st.stm32cube.ide.mcu.externaltools.gnu-tools-for-stm32.7-2018-q2-update.win32_1.4.0.202007081208/tools/bin/../lib/gcc/arm-none-eabi/7.3.1/thumb/v7e-m/fpv4-sp/hard\libgcc.a
LOAD c:/st/stm32cubeide_1.4.0/stm32cubeide/plugins/com.st.stm32cube.ide.mcu.externaltools.gnu-tools-for-stm32.7-2018-q2-update.win32_1.4.0.202007081208/tools/bin/../lib/gcc/arm-none-eabi/7.3.1/../../../../arm-none-eabi/lib/thumb/v7e-m/fpv4-sp/hard\libc_nano.a
END GROUP
START GROUP
LOAD c:/st/stm32cubeide_1.4.0/stm32cubeide/plugins/com.st.stm32cube.ide.mcu.externaltools.gnu-tools-for-stm32.7-2018-q2-update.win32_1.4.0.202007081208/tools/bin/../lib/gcc/arm-none-eabi/7.3.1/thumb/v7e-m/fpv4-sp/hard\libgcc.a
LOAD c:/st/stm32cubeide_1.4.0/stm32cubeide/plugins/com.st.stm32cube.ide.mcu.externaltools.gnu-tools-for-stm32.7-2018-q2-update.win32_1.4.0.202007081208/tools/bin/../lib/gcc/arm-none-eabi/7.3.1/../../../../arm-none-eabi/lib/thumb/v7e-m/fpv4-sp/hard\libc_nano.a
LOAD c:/st/stm32cubeide_1.4.0/stm32cubeide/plugins/com.st.stm32cube.ide.mcu.externaltools.gnu-tools-for-stm32.7-2018-q2-update.win32_1.4.0.202007081208/tools/bin/../lib/gcc/arm-none-eabi/7.3.1/../../../../arm-none-eabi/lib/thumb/v7e-m/fpv4-sp/hard\libnosys.a
END GROUP
START GROUP
LOAD c:/st/stm32cubeide_1.4.0/stm32cubeide/plugins/com.st.stm32cube.ide.mcu.externaltools.gnu-tools-for-stm32.7-2018-q2-update.win32_1.4.0.202007081208/tools/bin/../lib/gcc/arm-none-eabi/7.3.1/thumb/v7e-m/fpv4-sp/hard\libgcc.a
LOAD c:/st/stm32cubeide_1.4.0/stm32cubeide/plugins/com.st.stm32cube.ide.mcu.externaltools.gnu-tools-for-stm32.7-2018-q2-update.win32_1.4.0.202007081208/tools/bin/../lib/gcc/arm-none-eabi/7.3.1/../../../../arm-none-eabi/lib/thumb/v7e-m/fpv4-sp/hard\libc_nano.a
LOAD c:/st/stm32cubeide_1.4.0/stm32cubeide/plugins/com.st.stm32cube.ide.mcu.externaltools.gnu-tools-for-stm32.7-2018-q2-update.win32_1.4.0.202007081208/tools/bin/../lib/gcc/arm-none-eabi/7.3.1/../../../../arm-none-eabi/lib/thumb/v7e-m/fpv4-sp/hard\libnosys.a
END GROUP
LOAD c:/st/stm32cubeide_1.4.0/stm32cubeide/plugins/com.st.stm32cube.ide.mcu.externaltools.gnu-tools-for-stm32.7-2018-q2-update.win32_1.4.0.202007081208/tools/bin/../lib/gcc/arm-none-eabi/7.3.1/thumb/v7e-m/fpv4-sp/hard/crtend.o
LOAD c:/st/stm32cubeide_1.4.0/stm32cubeide/plugins/com.st.stm32cube.ide.mcu.externaltools.gnu-tools-for-stm32.7-2018-q2-update.win32_1.4.0.202007081208/tools/bin/../lib/gcc/arm-none-eabi/7.3.1/thumb/v7e-m/fpv4-sp/hard/crtn.o
                0x0000000020020000                _estack = (ORIGIN (RAM) + LENGTH (RAM))
                0x0000000000000200                _Min_Heap_Size = 0x200
                0x0000000000000400                _Min_Stack_Size = 0x400

.isr_vector     0x0000000008000000      0x188
                0x0000000008000000                . = ALIGN (0x4)
 *(.isr_vector)
 .isr_vector    0x0000000008000000      0x188 Core/Startup/startup_stm32f407vgtx.o
                0x0000000008000000                g_pfnVectors
                0x0000000008000188                . = ALIGN (0x4)

.text           0x0000000008000188    0x10abc
                0x0000000008000188                . = ALIGN (0x4)
 *(.text)
 .text          0x0000000008000188       0x40 c:/st/stm32cubeide_1.4.0/stm32cubeide/plugins/com.st.stm32cube.ide.mcu.externaltools.gnu-tools-for-stm32.7-2018-q2-update.win32_1.4.0.202007081208/tools/bin/../lib/gcc/arm-none-eabi/7.3.1/thumb/v7e-m/fpv4-sp/hard/crtbegin.o
 .text          0x00000000080001c8      0x378 c:/st/stm32cubeide_1.4.0/stm32cubeide/plugins/com.st.stm32cube.ide.mcu.externaltools.gnu-tools-for-stm32.7-2018-q2-update.win32_1.4.0.202007081208/tools/bin/../lib/gcc/arm-none-eabi/7.3.1/thumb/v7e-m/fpv4-sp/hard\libgcc.a(_arm_addsubdf3.o)
                0x00000000080001c8                __aeabi_drsub
                0x00000000080001d0                __aeabi_dsub
                0x00000000080001d0                __subdf3
                0x00000000080001d4                __aeabi_dadd
                0x00000000080001d4                __adddf3
                0x000000000800044c                __floatunsidf
                0x000000000800044c                __aeabi_ui2d
                0x000000000800046c                __floatsidf
                0x000000000800046c                __aeabi_i2d
                0x0000000008000490                __aeabi_f2d
                0x0000000008000490                __extendsfdf2
                0x00000000080004d4                __floatundidf
                0x00000000080004d4                __aeabi_ul2d
                0x00000000080004e4                __floatdidf
                0x00000000080004e4                __aeabi_l2d
 .text          0x0000000008000540      0x424 c:/st/stm32cubeide_1.4.0/stm32cubeide/plugins/com.st.stm32cube.ide.mcu.externaltools.gnu-tools-for-stm32.7-2018-q2-update.win32_1.4.0.202007081208/tools/bin/../lib/gcc/arm-none-eabi/7.3.1/thumb/v7e-m/fpv4-sp/hard\libgcc.a(_arm_muldivdf3.o)
                0x0000000008000540                __aeabi_dmul
                0x0000000008000540                __muldf3
                0x0000000008000794                __divdf3
                0x0000000008000794                __aeabi_ddiv
 .text          0x0000000008000964      0x110 c:/st/stm32cubeide_1.4.0/stm32cubeide/plugins/com.st.stm32cube.ide.mcu.externaltools.gnu-tools-for-stm32.7-2018-q2-update.win32_1.4.0.202007081208/tools/bin/../lib/gcc/arm-none-eabi/7.3.1/thumb/v7e-m/fpv4-sp/hard\libgcc.a(_arm_cmpdf2.o)
                0x0000000008000964                __gtdf2
                0x0000000008000964                __gedf2
                0x000000000800096c                __ltdf2
                0x000000000800096c                __ledf2
                0x0000000008000974                __nedf2
                0x0000000008000974                __eqdf2
                0x0000000008000974                __cmpdf2
                0x00000000080009f0                __aeabi_cdrcmple
                0x0000000008000a00                __aeabi_cdcmpeq
                0x0000000008000a00                __aeabi_cdcmple
                0x0000000008000a10                __aeabi_dcmpeq
                0x0000000008000a24                __aeabi_dcmplt
                0x0000000008000a38                __aeabi_dcmple
                0x0000000008000a4c                __aeabi_dcmpge
                0x0000000008000a60                __aeabi_dcmpgt
 .text          0x0000000008000a74       0x2c c:/st/stm32cubeide_1.4.0/stm32cubeide/plugins/com.st.stm32cube.ide.mcu.externaltools.gnu-tools-for-stm32.7-2018-q2-update.win32_1.4.0.202007081208/tools/bin/../lib/gcc/arm-none-eabi/7.3.1/thumb/v7e-m/fpv4-sp/hard\libgcc.a(_arm_unorddf2.o)
                0x0000000008000a74                __unorddf2
                0x0000000008000a74                __aeabi_dcmpun
 .text          0x0000000008000aa0       0x50 c:/st/stm32cubeide_1.4.0/stm32cubeide/plugins/com.st.stm32cube.ide.mcu.externaltools.gnu-tools-for-stm32.7-2018-q2-update.win32_1.4.0.202007081208/tools/bin/../lib/gcc/arm-none-eabi/7.3.1/thumb/v7e-m/fpv4-sp/hard\libgcc.a(_arm_fixdfsi.o)
                0x0000000008000aa0                __aeabi_d2iz
                0x0000000008000aa0                __fixdfsi
 .text          0x0000000008000af0       0x40 c:/st/stm32cubeide_1.4.0/stm32cubeide/plugins/com.st.stm32cube.ide.mcu.externaltools.gnu-tools-for-stm32.7-2018-q2-update.win32_1.4.0.202007081208/tools/bin/../lib/gcc/arm-none-eabi/7.3.1/thumb/v7e-m/fpv4-sp/hard\libgcc.a(_arm_fixunsdfsi.o)
                0x0000000008000af0                __aeabi_d2uiz
                0x0000000008000af0                __fixunsdfsi
 .text          0x0000000008000b30       0xa0 c:/st/stm32cubeide_1.4.0/stm32cubeide/plugins/com.st.stm32cube.ide.mcu.externaltools.gnu-tools-for-stm32.7-2018-q2-update.win32_1.4.0.202007081208/tools/bin/../lib/gcc/arm-none-eabi/7.3.1/thumb/v7e-m/fpv4-sp/hard\libgcc.a(_arm_truncdfsf2.o)
                0x0000000008000b30                __truncdfsf2
                0x0000000008000b30                __aeabi_d2f
 .text          0x0000000008000bd0       0x30 c:/st/stm32cubeide_1.4.0/stm32cubeide/plugins/com.st.stm32cube.ide.mcu.externaltools.gnu-tools-for-stm32.7-2018-q2-update.win32_1.4.0.202007081208/tools/bin/../lib/gcc/arm-none-eabi/7.3.1/thumb/v7e-m/fpv4-sp/hard\libgcc.a(_aeabi_uldivmod.o)
                0x0000000008000bd0                __aeabi_uldivmod
 .text          0x0000000008000c00      0x2cc c:/st/stm32cubeide_1.4.0/stm32cubeide/plugins/com.st.stm32cube.ide.mcu.externaltools.gnu-tools-for-stm32.7-2018-q2-update.win32_1.4.0.202007081208/tools/bin/../lib/gcc/arm-none-eabi/7.3.1/thumb/v7e-m/fpv4-sp/hard\libgcc.a(_udivmoddi4.o)
                0x0000000008000c00                __udivmoddi4
 .text          0x0000000008000ecc        0x4 c:/st/stm32cubeide_1.4.0/stm32cubeide/plugins/com.st.stm32cube.ide.mcu.externaltools.gnu-tools-for-stm32.7-2018-q2-update.win32_1.4.0.202007081208/tools/bin/../lib/gcc/arm-none-eabi/7.3.1/thumb/v7e-m/fpv4-sp/hard\libgcc.a(_dvmd_tls.o)
                0x0000000008000ecc                __aeabi_idiv0
                0x0000000008000ecc                __aeabi_ldiv0
 *(.text*)
 .text.read_calliberation_data
                0x0000000008000ed0      0x138 Core/Src/BMP180.o
                0x0000000008000ed0                read_calliberation_data
 .text.Get_UPress
                0x0000000008001008       0xbc Core/Src/BMP180.o
                0x0000000008001008                Get_UPress
 .text.BMP180_GetPress
                0x00000000080010c4      0x460 Core/Src/BMP180.o
                0x00000000080010c4                BMP180_GetPress
 *fill*         0x0000000008001524        0x4 
 .text.BMP180_GetAlt
                0x0000000008001528       0x9c Core/Src/BMP180.o
                0x0000000008001528                BMP180_GetAlt
 .text.BMP180_Start
                0x00000000080015c4        0xc Core/Src/BMP180.o
                0x00000000080015c4                BMP180_Start
 .text._ZSt3absf
                0x00000000080015d0       0x20 Core/Src/GPS.o
                0x00000000080015d0                std::abs(float)
 .text._ZN3GPSC2EP12GPIO_TypeDeft
                0x00000000080015f0       0x2c Core/Src/GPS.o
                0x00000000080015f0                GPS::GPS(GPIO_TypeDef*, unsigned short)
                0x00000000080015f0                GPS::GPS(GPIO_TypeDef*, unsigned short)
 .text._ZN3GPS20setKgainConstantRollEff
                0x000000000800161c       0x2c Core/Src/GPS.o
                0x000000000800161c                GPS::setKgainConstantRoll(float, float)
 .text._ZN3GPS4InitEv
                0x0000000008001648      0x110 Core/Src/GPS.o
                0x0000000008001648                GPS::Init()
 .text._ZN3GPS7ReadGPSEhPhS0_f
                0x0000000008001758      0xb64 Core/Src/GPS.o
                0x0000000008001758                GPS::ReadGPS(unsigned char, unsigned char*, unsigned char*, float)
 .text.USART1_IRQHandler
                0x00000000080022bc       0x1c Core/Src/GPS.o
                0x00000000080022bc                USART1_IRQHandler
 .text._Z41__static_initialization_and_destruction_0ii
                0x00000000080022d8       0x34 Core/Src/GPS.o
 .text._GLOBAL__sub_I_Serial1
                0x000000000800230c       0x10 Core/Src/GPS.o
 .text.CS_Select
                0x000000000800231c       0x18 Core/Src/HuLaNRF24L01.o
                0x000000000800231c                CS_Select
 .text.CS_UnSelect
                0x0000000008002334       0x18 Core/Src/HuLaNRF24L01.o
                0x0000000008002334                CS_UnSelect
 .text.CE_Enable
                0x000000000800234c       0x18 Core/Src/HuLaNRF24L01.o
                0x000000000800234c                CE_Enable
 .text.CE_Disable
                0x0000000008002364       0x18 Core/Src/HuLaNRF24L01.o
                0x0000000008002364                CE_Disable
 .text.nrf24_WriteReg
                0x000000000800237c       0x44 Core/Src/HuLaNRF24L01.o
                0x000000000800237c                nrf24_WriteReg
 .text.nrf24_WriteRegMulti
                0x00000000080023c0       0x4c Core/Src/HuLaNRF24L01.o
                0x00000000080023c0                nrf24_WriteRegMulti
 .text.nrf24_ReadReg
                0x000000000800240c       0x40 Core/Src/HuLaNRF24L01.o
                0x000000000800240c                nrf24_ReadReg
 .text.nrfsendCmd
                0x000000000800244c       0x2c Core/Src/HuLaNRF24L01.o
                0x000000000800244c                nrfsendCmd
 .text.nrf24_reset
                0x0000000008002478      0x14c Core/Src/HuLaNRF24L01.o
                0x0000000008002478                nrf24_reset
 .text.NRF24_Init
                0x00000000080025c4       0x4e Core/Src/HuLaNRF24L01.o
                0x00000000080025c4                NRF24_Init
 .text.NRF24_RxMode
                0x0000000008002612       0x7e Core/Src/HuLaNRF24L01.o
                0x0000000008002612                NRF24_RxMode
 .text.isDataAvailable
                0x0000000008002690       0x3e Core/Src/HuLaNRF24L01.o
                0x0000000008002690                isDataAvailable
 *fill*         0x00000000080026ce        0x2 
 .text.NRF24_Receive
                0x00000000080026d0       0x54 Core/Src/HuLaNRF24L01.o
                0x00000000080026d0                NRF24_Receive
 .text._ZSt4asinf
                0x0000000008002724       0x20 Core/Src/IMU9DOF.o
                0x0000000008002724                std::asin(float)
 .text._ZSt5atan2ff
                0x0000000008002744       0x28 Core/Src/IMU9DOF.o
                0x0000000008002744                std::atan2(float, float)
 .text.DWT_Delay_us
                0x000000000800276c       0x50 Core/Src/IMU9DOF.o
 .text._ZN7IMU9DOF32VerticalAccelerationCalculationsEv
                0x00000000080027bc      0x1f4 Core/Src/IMU9DOF.o
                0x00000000080027bc                IMU9DOF::VerticalAccelerationCalculations()
 .text._ZN7IMU9DOFC2EP17I2C_HandleTypeDefhm
                0x00000000080029b0       0x34 Core/Src/IMU9DOF.o
                0x00000000080029b0                IMU9DOF::IMU9DOF(I2C_HandleTypeDef*, unsigned char, unsigned long)
                0x00000000080029b0                IMU9DOF::IMU9DOF(I2C_HandleTypeDef*, unsigned char, unsigned long)
 *fill*         0x00000000080029e4        0x4 
 .text._ZN7IMU9DOF11ReadCompassEv
                0x00000000080029e8      0x478 Core/Src/IMU9DOF.o
                0x00000000080029e8                IMU9DOF::ReadCompass()
 .text._ZN7IMU9DOF25IsReadyToInterfaceMPU6050Ev
                0x0000000008002e60       0xa6 Core/Src/IMU9DOF.o
                0x0000000008002e60                IMU9DOF::IsReadyToInterfaceMPU6050()
 .text._ZN7IMU9DOF26IsReadyToInterfaceHMC5883LEv
                0x0000000008002f06       0xb4 Core/Src/IMU9DOF.o
                0x0000000008002f06                IMU9DOF::IsReadyToInterfaceHMC5883L()
 .text._ZN7IMU9DOF19ReadRawAllParameterEv
                0x0000000008002fba      0x10a Core/Src/IMU9DOF.o
                0x0000000008002fba                IMU9DOF::ReadRawAllParameter()
 .text._ZN7IMU9DOF26SetAccelSensitivityMPU6050E21MPU6050_Accelerometer
                0x00000000080030c4       0xb0 Core/Src/IMU9DOF.o
                0x00000000080030c4                IMU9DOF::SetAccelSensitivityMPU6050(MPU6050_Accelerometer)
 .text._ZN7IMU9DOF25SetGyroSensitivityMPU6050E17MPU6050_Gyroscope
                0x0000000008003174       0xb8 Core/Src/IMU9DOF.o
                0x0000000008003174                IMU9DOF::SetGyroSensitivityMPU6050(MPU6050_Gyroscope)
 .text._ZN7IMU9DOF9SetupGyroEv
                0x000000000800322c       0x82 Core/Src/IMU9DOF.o
                0x000000000800322c                IMU9DOF::SetupGyro()
 .text._ZN7IMU9DOF12SetupCompassEv
                0x00000000080032ae      0x17e Core/Src/IMU9DOF.o
                0x00000000080032ae                IMU9DOF::SetupCompass()
 .text._ZN7IMU9DOF25SetupAutomaticReadCompassEv
                0x000000000800342c       0xe2 Core/Src/IMU9DOF.o
                0x000000000800342c                IMU9DOF::SetupAutomaticReadCompass()
 *fill*         0x000000000800350e        0x2 
 .text._ZN7IMU9DOF4InitEv
                0x0000000008003510      0x210 Core/Src/IMU9DOF.o
                0x0000000008003510                IMU9DOF::Init()
 .text._ZN7IMU9DOF13ReadGyroAccelEv
                0x0000000008003720       0xd2 Core/Src/IMU9DOF.o
                0x0000000008003720                IMU9DOF::ReadGyroAccel()
 .text._ZN7IMU9DOF12CalibCompassEv
                0x00000000080037f2      0x11a Core/Src/IMU9DOF.o
                0x00000000080037f2                IMU9DOF::CalibCompass()
 *fill*         0x000000000800390c        0x4 
 .text._ZN7IMU9DOF10CalibLevelEPh
                0x0000000008003910      0x264 Core/Src/IMU9DOF.o
                0x0000000008003910                IMU9DOF::CalibLevel(unsigned char*)
 .text._ZN7IMU9DOF9CalibGyroEv
                0x0000000008003b74       0xec Core/Src/IMU9DOF.o
                0x0000000008003b74                IMU9DOF::CalibGyro()
 .text._ZN7IMU9DOF12ReadAngleRPYEv
                0x0000000008003c60      0x4d8 Core/Src/IMU9DOF.o
                0x0000000008003c60                IMU9DOF::ReadAngleRPY()
 .text._ZN7IMU9DOF18CalculateGyroInputEv
                0x0000000008004138      0x170 Core/Src/IMU9DOF.o
                0x0000000008004138                IMU9DOF::CalculateGyroInput()
 .text._ZN7IMU9DOF14setLevelAdjustEhh
                0x00000000080042a8       0x50 Core/Src/IMU9DOF.o
                0x00000000080042a8                IMU9DOF::setLevelAdjust(unsigned char, unsigned char)
 .text._ZN7IMU9DOF15CourseDeviationEff
                0x00000000080042f8       0xe4 Core/Src/IMU9DOF.o
                0x00000000080042f8                IMU9DOF::CourseDeviation(float, float)
 .text._ZSt4sqrtIiEN9__gnu_cxx11__enable_ifIXsrSt12__is_integerIT_E7__valueEdE6__typeES3_
                0x00000000080043dc       0x30 Core/Src/IMU9DOF.o
                0x00000000080043dc                __gnu_cxx::__enable_if<std::__is_integer<int>::__value, double>::__type std::sqrt<int>(int)
 .text._ZN8MySerialC2EP20__UART_HandleTypeDef
                0x000000000800440c       0x3c Core/Src/MySerial.o
                0x000000000800440c                MySerial::MySerial(__UART_HandleTypeDef*)
                0x000000000800440c                MySerial::MySerial(__UART_HandleTypeDef*)
 .text._ZN8MySerial4InitEv
                0x0000000008004448       0x52 Core/Src/MySerial.o
                0x0000000008004448                MySerial::Init()
 .text._ZN8MySerial9StoreCharEhP12RingBuffer_t
                0x000000000800449a       0x50 Core/Src/MySerial.o
                0x000000000800449a                MySerial::StoreChar(unsigned char, RingBuffer_t*)
 .text._ZN8MySerial4ReadEv
                0x00000000080044ea       0x6a Core/Src/MySerial.o
                0x00000000080044ea                MySerial::Read()
 .text._ZN8MySerial15IsDataAvailableEv
                0x0000000008004554       0x32 Core/Src/MySerial.o
                0x0000000008004554                MySerial::IsDataAvailable()
 .text._ZN8MySerial7UartIsrEv
                0x0000000008004586       0xd2 Core/Src/MySerial.o
                0x0000000008004586                MySerial::UartIsr()
 .text._ZN14PID_HorizontalC2Ev
                0x0000000008004658       0x20 Core/Src/PIDHorizontal.o
                0x0000000008004658                PID_Horizontal::PID_Horizontal()
                0x0000000008004658                PID_Horizontal::PID_Horizontal()
 .text._ZN14PID_HorizontalD2Ev
                0x0000000008004678       0x20 Core/Src/PIDHorizontal.o
                0x0000000008004678                PID_Horizontal::~PID_Horizontal()
                0x0000000008004678                PID_Horizontal::~PID_Horizontal()
 .text._ZN14PID_HorizontalD0Ev
                0x0000000008004698       0x20 Core/Src/PIDHorizontal.o
                0x0000000008004698                PID_Horizontal::~PID_Horizontal()
 .text._ZN14PID_Horizontal20setKgainConstantRollEffff
                0x00000000080046b8       0x3c Core/Src/PIDHorizontal.o
                0x00000000080046b8                PID_Horizontal::setKgainConstantRoll(float, float, float, float)
 .text._ZN14PID_Horizontal21setKgainConstantPitchEffff
                0x00000000080046f4       0x3c Core/Src/PIDHorizontal.o
                0x00000000080046f4                PID_Horizontal::setKgainConstantPitch(float, float, float, float)
 .text._ZN14PID_Horizontal19setKgainConstantYawEffff
                0x0000000008004730       0x3c Core/Src/PIDHorizontal.o
                0x0000000008004730                PID_Horizontal::setKgainConstantYaw(float, float, float, float)
 .text._ZN14PID_Horizontal14setLevelAdjustEff
                0x000000000800476c       0x28 Core/Src/PIDHorizontal.o
                0x000000000800476c                PID_Horizontal::setLevelAdjust(float, float)
 .text._ZN14PID_Horizontal12calculatePIDEv
                0x0000000008004794      0x4cc Core/Src/PIDHorizontal.o
                0x0000000008004794                PID_Horizontal::calculatePID()
 .text._ZN9BarometerC2EP17I2C_HandleTypeDef
                0x0000000008004c60       0x1e Core/Src/barometer.o
                0x0000000008004c60                Barometer::Barometer(I2C_HandleTypeDef*)
                0x0000000008004c60                Barometer::Barometer(I2C_HandleTypeDef*)
 .text._ZN9Barometer5ResetEv
                0x0000000008004c7e       0x46 Core/Src/barometer.o
                0x0000000008004c7e                Barometer::Reset()
 .text._ZN9Barometer8ReadPromEv
                0x0000000008004cc4       0xae Core/Src/barometer.o
                0x0000000008004cc4                Barometer::ReadProm()
 .text._ZN9Barometer4InitEv
                0x0000000008004d72       0x46 Core/Src/barometer.o
                0x0000000008004d72                Barometer::Init()
 .text._ZN9Barometer17SetGroundPressureEv
                0x0000000008004db8       0x1e Core/Src/barometer.o
                0x0000000008004db8                Barometer::SetGroundPressure()
 .text._ZN9Barometer26GetDataFromPreviousRequestEv
                0x0000000008004dd6       0x58 Core/Src/barometer.o
                0x0000000008004dd6                Barometer::GetDataFromPreviousRequest()
 .text._ZN9Barometer18IsReadyToInterfaceEv
                0x0000000008004e2e       0x34 Core/Src/barometer.o
                0x0000000008004e2e                Barometer::IsReadyToInterface()
 *fill*         0x0000000008004e62        0x2 
 .text._ZN9Barometer21GetAverageTemperatureEv
                0x0000000008004e64       0x94 Core/Src/barometer.o
                0x0000000008004e64                Barometer::GetAverageTemperature()
 .text._ZN9Barometer25RequestGetTemperatureDataEv
                0x0000000008004ef8       0x28 Core/Src/barometer.o
                0x0000000008004ef8                Barometer::RequestGetTemperatureData()
 .text._ZN9Barometer22RequestGetPressureDataEv
                0x0000000008004f20       0x28 Core/Src/barometer.o
                0x0000000008004f20                Barometer::RequestGetPressureData()
 .text._ZN9Barometer18CompensatePressureEv
                0x0000000008004f48      0x2dc Core/Src/barometer.o
                0x0000000008004f48                Barometer::CompensatePressure()
 .text._ZN9Barometer18GetAveragePressureEv
                0x0000000008005224       0xa2 Core/Src/barometer.o
                0x0000000008005224                Barometer::GetAveragePressure()
 *fill*         0x00000000080052c6        0x2 
 .text._ZN9Barometer22UseComplementaryFilterEv
                0x00000000080052c8      0x110 Core/Src/barometer.o
                0x00000000080052c8                Barometer::UseComplementaryFilter()
 .text._ZN9Barometer23CalculateLongtermChangeEv
                0x00000000080053d8       0xd4 Core/Src/barometer.o
                0x00000000080053d8                Barometer::CalculateLongtermChange()
 .text._ZN9Barometer20GetPidOutputAltitudeEv
                0x00000000080054ac       0x20 Core/Src/barometer.o
                0x00000000080054ac                Barometer::GetPidOutputAltitude()
 .text._ZN9Barometer17GetActualPressureEv
                0x00000000080054cc       0x20 Core/Src/barometer.o
                0x00000000080054cc                Barometer::GetActualPressure()
 .text._ZN9Barometer25Set_PID_altitude_setpointEf
                0x00000000080054ec       0x20 Core/Src/barometer.o
                0x00000000080054ec                Barometer::Set_PID_altitude_setpoint(float)
 .text._ZN9Barometer17GetManualThrottleEv
                0x000000000800550c       0x1a Core/Src/barometer.o
                0x000000000800550c                Barometer::GetManualThrottle()
 *fill*         0x0000000008005526        0x2 
 .text._ZN9Barometer20CalculateAltitudePIDEs
                0x0000000008005528      0x2e0 Core/Src/barometer.o
                0x0000000008005528                Barometer::CalculateAltitudePID(short)
 .text._ZN9Barometer16ResetValuesOfPIDEv
                0x0000000008005808       0x42 Core/Src/barometer.o
                0x0000000008005808                Barometer::ResetValuesOfPID()
 .text._ZN9Barometer11SetKgainPIDEfffs
                0x000000000800584a       0x44 Core/Src/barometer.o
                0x000000000800584a                Barometer::SetKgainPID(float, float, float, short)
 .text._ZN9Barometer28ReadAndCalculatePIDBarometerEhht
                0x000000000800588e      0x118 Core/Src/barometer.o
                0x000000000800588e                Barometer::ReadAndCalculatePIDBarometer(unsigned char, unsigned char, unsigned short)
 *fill*         0x00000000080059a6        0x2 
 .text.DWT_Delay_Init
                0x00000000080059a8       0x60 Core/Src/dwt_stm32_delay.o
                0x00000000080059a8                DWT_Delay_Init
 .text.MyFlash_EraseSector
                0x0000000008005a08       0x20 Core/Src/flash.o
                0x0000000008005a08                MyFlash_EraseSector
 .text.MyFlash_SetSectorAddrs
                0x0000000008005a28       0x2c Core/Src/flash.o
                0x0000000008005a28                MyFlash_SetSectorAddrs
 .text.MyFlash_WriteN
                0x0000000008005a54       0xe4 Core/Src/flash.o
                0x0000000008005a54                MyFlash_WriteN
 .text.MyFlash_ReadN
                0x0000000008005b38       0xb4 Core/Src/flash.o
                0x0000000008005b38                MyFlash_ReadN
 .text.DWT_Delay_us
                0x0000000008005bec       0x50 Core/Src/main.o
 .text._Z23ReceiveDataFromNRF24L01v
                0x0000000008005c3c      0x16c Core/Src/main.o
                0x0000000008005c3c                ReceiveDataFromNRF24L01()
 .text._Z18ReadDataFromBMP180v
                0x0000000008005da8       0x3c Core/Src/main.o
                0x0000000008005da8                ReadDataFromBMP180()
 *fill*         0x0000000008005de4        0x4 
 .text.main     0x0000000008005de8      0x9a0 Core/Src/main.o
                0x0000000008005de8                main
 .text._Z18SystemClock_Configv
                0x0000000008006788       0xe8 Core/Src/main.o
                0x0000000008006788                SystemClock_Config()
 .text._ZL12MX_ADC1_Initv
                0x0000000008006870       0xb8 Core/Src/main.o
 .text._ZL12MX_I2C1_Initv
                0x0000000008006928       0x68 Core/Src/main.o
 .text._ZL12MX_I2C2_Initv
                0x0000000008006990       0x68 Core/Src/main.o
 .text._ZL12MX_SPI1_Initv
                0x00000000080069f8       0x78 Core/Src/main.o
 .text._ZL12MX_TIM1_Initv
                0x0000000008006a70       0xc0 Core/Src/main.o
 .text._ZL12MX_TIM2_Initv
                0x0000000008006b30       0xb8 Core/Src/main.o
 .text._ZL12MX_TIM4_Initv
                0x0000000008006be8      0x180 Core/Src/main.o
 .text._ZL13MX_UART4_Initv
                0x0000000008006d68       0x5c Core/Src/main.o
 .text._ZL13MX_UART5_Initv
                0x0000000008006dc4       0x5c Core/Src/main.o
 .text._ZL19MX_USART1_UART_Initv
                0x0000000008006e20       0x5c Core/Src/main.o
 .text._ZL11MX_DMA_Initv
                0x0000000008006e7c       0x40 Core/Src/main.o
 .text._ZL12MX_GPIO_Initv
                0x0000000008006ebc      0x190 Core/Src/main.o
 *fill*         0x000000000800704c        0x4 
 .text._Z13ChangeSettingv
                0x0000000008007050      0x80c Core/Src/main.o
                0x0000000008007050                ChangeSetting()
 .text._Z16StartStopTakeOffv
                0x000000000800785c      0x2d4 Core/Src/main.o
                0x000000000800785c                StartStopTakeOff()
 .text.Error_Handler
                0x0000000008007b30        0xe Core/Src/main.o
                0x0000000008007b30                Error_Handler
 *fill*         0x0000000008007b3e        0x2 
 .text._Z41__static_initialization_and_destruction_0ii
                0x0000000008007b40       0x7c Core/Src/main.o
 .text._GLOBAL__sub_I_hadc1
                0x0000000008007bbc       0x10 Core/Src/main.o
 .text._GLOBAL__sub_D_hadc1
                0x0000000008007bcc       0x10 Core/Src/main.o
 .text.HAL_MspInit
                0x0000000008007bdc       0x50 Core/Src/stm32f4xx_hal_msp.o
                0x0000000008007bdc                HAL_MspInit
 .text.HAL_ADC_MspInit
                0x0000000008007c2c       0xf0 Core/Src/stm32f4xx_hal_msp.o
                0x0000000008007c2c                HAL_ADC_MspInit
 .text.HAL_I2C_MspInit
                0x0000000008007d1c       0xf8 Core/Src/stm32f4xx_hal_msp.o
                0x0000000008007d1c                HAL_I2C_MspInit
 .text.HAL_SPI_MspInit
                0x0000000008007e14       0xa0 Core/Src/stm32f4xx_hal_msp.o
                0x0000000008007e14                HAL_SPI_MspInit
 .text.HAL_TIM_Base_MspInit
                0x0000000008007eb4       0xb4 Core/Src/stm32f4xx_hal_msp.o
                0x0000000008007eb4                HAL_TIM_Base_MspInit
 .text.HAL_TIM_MspPostInit
                0x0000000008007f68       0x74 Core/Src/stm32f4xx_hal_msp.o
                0x0000000008007f68                HAL_TIM_MspPostInit
 .text.HAL_UART_MspInit
                0x0000000008007fdc      0x1a8 Core/Src/stm32f4xx_hal_msp.o
                0x0000000008007fdc                HAL_UART_MspInit
 .text.NMI_Handler
                0x0000000008008184        0xe Core/Src/stm32f4xx_it.o
                0x0000000008008184                NMI_Handler
 .text.HardFault_Handler
                0x0000000008008192        0x6 Core/Src/stm32f4xx_it.o
                0x0000000008008192                HardFault_Handler
 .text.MemManage_Handler
                0x0000000008008198        0x6 Core/Src/stm32f4xx_it.o
                0x0000000008008198                MemManage_Handler
 .text.BusFault_Handler
                0x000000000800819e        0x6 Core/Src/stm32f4xx_it.o
                0x000000000800819e                BusFault_Handler
 .text.UsageFault_Handler
                0x00000000080081a4        0x6 Core/Src/stm32f4xx_it.o
                0x00000000080081a4                UsageFault_Handler
 .text.SVC_Handler
                0x00000000080081aa        0xe Core/Src/stm32f4xx_it.o
                0x00000000080081aa                SVC_Handler
 .text.DebugMon_Handler
                0x00000000080081b8        0xe Core/Src/stm32f4xx_it.o
                0x00000000080081b8                DebugMon_Handler
 .text.PendSV_Handler
                0x00000000080081c6        0xe Core/Src/stm32f4xx_it.o
                0x00000000080081c6                PendSV_Handler
 .text.SysTick_Handler
                0x00000000080081d4        0xc Core/Src/stm32f4xx_it.o
                0x00000000080081d4                SysTick_Handler
 .text.TIM2_IRQHandler
                0x00000000080081e0       0x14 Core/Src/stm32f4xx_it.o
                0x00000000080081e0                TIM2_IRQHandler
 .text.TIM4_IRQHandler
                0x00000000080081f4       0x14 Core/Src/stm32f4xx_it.o
                0x00000000080081f4                TIM4_IRQHandler
 .text.SPI1_IRQHandler
                0x0000000008008208       0x14 Core/Src/stm32f4xx_it.o
                0x0000000008008208                SPI1_IRQHandler
 .text.DMA2_Stream0_IRQHandler
                0x000000000800821c       0x14 Core/Src/stm32f4xx_it.o
                0x000000000800821c                DMA2_Stream0_IRQHandler
 .text.SystemInit
                0x0000000008008230       0x2c Core/Src/system_stm32f4xx.o
                0x0000000008008230                SystemInit
 .text.Reset_Handler
                0x000000000800825c       0x50 Core/Startup/startup_stm32f407vgtx.o
                0x000000000800825c                Reset_Handler
 .text.Default_Handler
                0x00000000080082ac        0x2 Core/Startup/startup_stm32f407vgtx.o
                0x00000000080082ac                RTC_Alarm_IRQHandler
                0x00000000080082ac                HASH_RNG_IRQHandler
                0x00000000080082ac                EXTI2_IRQHandler
                0x00000000080082ac                TIM8_CC_IRQHandler
                0x00000000080082ac                TIM1_CC_IRQHandler
                0x00000000080082ac                DMA2_Stream5_IRQHandler
                0x00000000080082ac                DMA1_Stream5_IRQHandler
                0x00000000080082ac                PVD_IRQHandler
                0x00000000080082ac                SDIO_IRQHandler
                0x00000000080082ac                TAMP_STAMP_IRQHandler
                0x00000000080082ac                CAN2_RX1_IRQHandler
                0x00000000080082ac                EXTI3_IRQHandler
                0x00000000080082ac                TIM8_TRG_COM_TIM14_IRQHandler
                0x00000000080082ac                TIM1_UP_TIM10_IRQHandler
                0x00000000080082ac                TIM8_UP_TIM13_IRQHandler
                0x00000000080082ac                I2C3_ER_IRQHandler
                0x00000000080082ac                EXTI0_IRQHandler
                0x00000000080082ac                I2C2_EV_IRQHandler
                0x00000000080082ac                DMA1_Stream2_IRQHandler
                0x00000000080082ac                CAN1_RX0_IRQHandler
                0x00000000080082ac                FPU_IRQHandler
                0x00000000080082ac                OTG_HS_WKUP_IRQHandler
                0x00000000080082ac                CAN2_SCE_IRQHandler
                0x00000000080082ac                DMA2_Stream2_IRQHandler
                0x00000000080082ac                TIM6_DAC_IRQHandler
                0x00000000080082ac                TIM1_BRK_TIM9_IRQHandler
                0x00000000080082ac                DCMI_IRQHandler
                0x00000000080082ac                CAN2_RX0_IRQHandler
                0x00000000080082ac                DMA2_Stream3_IRQHandler
                0x00000000080082ac                USART6_IRQHandler
                0x00000000080082ac                USART3_IRQHandler
                0x00000000080082ac                CAN1_RX1_IRQHandler
                0x00000000080082ac                UART5_IRQHandler
                0x00000000080082ac                I2C1_EV_IRQHandler
                0x00000000080082ac                DMA1_Stream6_IRQHandler
                0x00000000080082ac                DMA1_Stream1_IRQHandler
                0x00000000080082ac                UART4_IRQHandler
                0x00000000080082ac                TIM3_IRQHandler
                0x00000000080082ac                RCC_IRQHandler
                0x00000000080082ac                TIM8_BRK_TIM12_IRQHandler
                0x00000000080082ac                Default_Handler
                0x00000000080082ac                EXTI15_10_IRQHandler
                0x00000000080082ac                ADC_IRQHandler
                0x00000000080082ac                DMA1_Stream7_IRQHandler
                0x00000000080082ac                TIM7_IRQHandler
                0x00000000080082ac                CAN2_TX_IRQHandler
                0x00000000080082ac                TIM5_IRQHandler
                0x00000000080082ac                DMA2_Stream7_IRQHandler
                0x00000000080082ac                I2C3_EV_IRQHandler
                0x00000000080082ac                EXTI9_5_IRQHandler
                0x00000000080082ac                RTC_WKUP_IRQHandler
                0x00000000080082ac                ETH_WKUP_IRQHandler
                0x00000000080082ac                SPI2_IRQHandler
                0x00000000080082ac                OTG_HS_EP1_IN_IRQHandler
                0x00000000080082ac                DMA1_Stream0_IRQHandler
                0x00000000080082ac                CAN1_TX_IRQHandler
                0x00000000080082ac                EXTI4_IRQHandler
                0x00000000080082ac                FSMC_IRQHandler
                0x00000000080082ac                ETH_IRQHandler
                0x00000000080082ac                OTG_HS_EP1_OUT_IRQHandler
                0x00000000080082ac                WWDG_IRQHandler
                0x00000000080082ac                OTG_FS_WKUP_IRQHandler
                0x00000000080082ac                TIM1_TRG_COM_TIM11_IRQHandler
                0x00000000080082ac                OTG_HS_IRQHandler
                0x00000000080082ac                EXTI1_IRQHandler
                0x00000000080082ac                USART2_IRQHandler
                0x00000000080082ac                I2C2_ER_IRQHandler
                0x00000000080082ac                DMA2_Stream1_IRQHandler
                0x00000000080082ac                CAN1_SCE_IRQHandler
                0x00000000080082ac                FLASH_IRQHandler
                0x00000000080082ac                DMA2_Stream4_IRQHandler
                0x00000000080082ac                OTG_FS_IRQHandler
                0x00000000080082ac                SPI3_IRQHandler
                0x00000000080082ac                DMA1_Stream4_IRQHandler
                0x00000000080082ac                I2C1_ER_IRQHandler
                0x00000000080082ac                DMA2_Stream6_IRQHandler
                0x00000000080082ac                DMA1_Stream3_IRQHandler
 *fill*         0x00000000080082ae        0x2 
 .text.HAL_Init
                0x00000000080082b0       0x44 Drivers/STM32F4xx_HAL_Driver/Src/stm32f4xx_hal.o
                0x00000000080082b0                HAL_Init
 .text.HAL_InitTick
                0x00000000080082f4       0x60 Drivers/STM32F4xx_HAL_Driver/Src/stm32f4xx_hal.o
                0x00000000080082f4                HAL_InitTick
 .text.HAL_IncTick
                0x0000000008008354       0x28 Drivers/STM32F4xx_HAL_Driver/Src/stm32f4xx_hal.o
                0x0000000008008354                HAL_IncTick
 .text.HAL_GetTick
                0x000000000800837c       0x18 Drivers/STM32F4xx_HAL_Driver/Src/stm32f4xx_hal.o
                0x000000000800837c                HAL_GetTick
 .text.HAL_Delay
                0x0000000008008394       0x44 Drivers/STM32F4xx_HAL_Driver/Src/stm32f4xx_hal.o
                0x0000000008008394                HAL_Delay
 .text.HAL_ADC_Init
                0x00000000080083d8       0x86 Drivers/STM32F4xx_HAL_Driver/Src/stm32f4xx_hal_adc.o
                0x00000000080083d8                HAL_ADC_Init
 *fill*         0x000000000800845e        0x2 
 .text.HAL_ADC_ConfigChannel
                0x0000000008008460      0x244 Drivers/STM32F4xx_HAL_Driver/Src/stm32f4xx_hal_adc.o
                0x0000000008008460                HAL_ADC_ConfigChannel
 .text.ADC_Init
                0x00000000080086a4      0x1f8 Drivers/STM32F4xx_HAL_Driver/Src/stm32f4xx_hal_adc.o
 .text.__NVIC_SetPriorityGrouping
                0x000000000800889c       0x48 Drivers/STM32F4xx_HAL_Driver/Src/stm32f4xx_hal_cortex.o
 .text.__NVIC_GetPriorityGrouping
                0x00000000080088e4       0x1c Drivers/STM32F4xx_HAL_Driver/Src/stm32f4xx_hal_cortex.o
 .text.__NVIC_EnableIRQ
                0x0000000008008900       0x3c Drivers/STM32F4xx_HAL_Driver/Src/stm32f4xx_hal_cortex.o
 .text.__NVIC_SetPriority
                0x000000000800893c       0x54 Drivers/STM32F4xx_HAL_Driver/Src/stm32f4xx_hal_cortex.o
 .text.NVIC_EncodePriority
                0x0000000008008990       0x66 Drivers/STM32F4xx_HAL_Driver/Src/stm32f4xx_hal_cortex.o
 *fill*         0x00000000080089f6        0x2 
 .text.SysTick_Config
                0x00000000080089f8       0x44 Drivers/STM32F4xx_HAL_Driver/Src/stm32f4xx_hal_cortex.o
 .text.HAL_NVIC_SetPriorityGrouping
                0x0000000008008a3c       0x16 Drivers/STM32F4xx_HAL_Driver/Src/stm32f4xx_hal_cortex.o
                0x0000000008008a3c                HAL_NVIC_SetPriorityGrouping
 .text.HAL_NVIC_SetPriority
                0x0000000008008a52       0x38 Drivers/STM32F4xx_HAL_Driver/Src/stm32f4xx_hal_cortex.o
                0x0000000008008a52                HAL_NVIC_SetPriority
 .text.HAL_NVIC_EnableIRQ
                0x0000000008008a8a       0x1c Drivers/STM32F4xx_HAL_Driver/Src/stm32f4xx_hal_cortex.o
                0x0000000008008a8a                HAL_NVIC_EnableIRQ
 .text.HAL_SYSTICK_Config
                0x0000000008008aa6       0x18 Drivers/STM32F4xx_HAL_Driver/Src/stm32f4xx_hal_cortex.o
                0x0000000008008aa6                HAL_SYSTICK_Config
 *fill*         0x0000000008008abe        0x2 
 .text.HAL_DMA_Init
                0x0000000008008ac0      0x15c Drivers/STM32F4xx_HAL_Driver/Src/stm32f4xx_hal_dma.o
                0x0000000008008ac0                HAL_DMA_Init
 .text.HAL_DMA_Abort_IT
                0x0000000008008c1c       0x44 Drivers/STM32F4xx_HAL_Driver/Src/stm32f4xx_hal_dma.o
                0x0000000008008c1c                HAL_DMA_Abort_IT
 .text.HAL_DMA_IRQHandler
                0x0000000008008c60      0x314 Drivers/STM32F4xx_HAL_Driver/Src/stm32f4xx_hal_dma.o
                0x0000000008008c60                HAL_DMA_IRQHandler
 .text.DMA_CalcBaseAndBitshift
                0x0000000008008f74       0x6c Drivers/STM32F4xx_HAL_Driver/Src/stm32f4xx_hal_dma.o
 .text.DMA_CheckFifoParam
                0x0000000008008fe0       0xf4 Drivers/STM32F4xx_HAL_Driver/Src/stm32f4xx_hal_dma.o
 .text.HAL_FLASH_Program
                0x00000000080090d4       0xa8 Drivers/STM32F4xx_HAL_Driver/Src/stm32f4xx_hal_flash.o
                0x00000000080090d4                HAL_FLASH_Program
 .text.HAL_FLASH_Unlock
                0x000000000800917c       0x44 Drivers/STM32F4xx_HAL_Driver/Src/stm32f4xx_hal_flash.o
                0x000000000800917c                HAL_FLASH_Unlock
 .text.HAL_FLASH_Lock
                0x00000000080091c0       0x20 Drivers/STM32F4xx_HAL_Driver/Src/stm32f4xx_hal_flash.o
                0x00000000080091c0                HAL_FLASH_Lock
 .text.FLASH_WaitForLastOperation
                0x00000000080091e0       0x80 Drivers/STM32F4xx_HAL_Driver/Src/stm32f4xx_hal_flash.o
                0x00000000080091e0                FLASH_WaitForLastOperation
 .text.FLASH_Program_DoubleWord
                0x0000000008009260       0x60 Drivers/STM32F4xx_HAL_Driver/Src/stm32f4xx_hal_flash.o
 .text.FLASH_Program_Word
                0x00000000080092c0       0x44 Drivers/STM32F4xx_HAL_Driver/Src/stm32f4xx_hal_flash.o
 .text.FLASH_Program_HalfWord
                0x0000000008009304       0x48 Drivers/STM32F4xx_HAL_Driver/Src/stm32f4xx_hal_flash.o
 .text.FLASH_Program_Byte
                0x000000000800934c       0x44 Drivers/STM32F4xx_HAL_Driver/Src/stm32f4xx_hal_flash.o
 .text.FLASH_SetErrorCode
                0x0000000008009390       0xac Drivers/STM32F4xx_HAL_Driver/Src/stm32f4xx_hal_flash.o
 .text.FLASH_Erase_Sector
                0x000000000800943c       0x90 Drivers/STM32F4xx_HAL_Driver/Src/stm32f4xx_hal_flash_ex.o
                0x000000000800943c                FLASH_Erase_Sector
 .text.HAL_GPIO_Init
                0x00000000080094cc      0x334 Drivers/STM32F4xx_HAL_Driver/Src/stm32f4xx_hal_gpio.o
                0x00000000080094cc                HAL_GPIO_Init
 .text.HAL_GPIO_WritePin
                0x0000000008009800       0x32 Drivers/STM32F4xx_HAL_Driver/Src/stm32f4xx_hal_gpio.o
                0x0000000008009800                HAL_GPIO_WritePin
 .text.HAL_GPIO_TogglePin
                0x0000000008009832       0x36 Drivers/STM32F4xx_HAL_Driver/Src/stm32f4xx_hal_gpio.o
                0x0000000008009832                HAL_GPIO_TogglePin
 .text.HAL_I2C_Init
                0x0000000008009868      0x270 Drivers/STM32F4xx_HAL_Driver/Src/stm32f4xx_hal_i2c.o
                0x0000000008009868                HAL_I2C_Init
 .text.HAL_I2C_Master_Transmit
                0x0000000008009ad8      0x1fc Drivers/STM32F4xx_HAL_Driver/Src/stm32f4xx_hal_i2c.o
                0x0000000008009ad8                HAL_I2C_Master_Transmit
 .text.HAL_I2C_Master_Receive
                0x0000000008009cd4      0x44c Drivers/STM32F4xx_HAL_Driver/Src/stm32f4xx_hal_i2c.o
                0x0000000008009cd4                HAL_I2C_Master_Receive
 .text.HAL_I2C_Mem_Write
                0x000000000800a120      0x1f4 Drivers/STM32F4xx_HAL_Driver/Src/stm32f4xx_hal_i2c.o
                0x000000000800a120                HAL_I2C_Mem_Write
 .text.HAL_I2C_Mem_Read
                0x000000000800a314      0x44c Drivers/STM32F4xx_HAL_Driver/Src/stm32f4xx_hal_i2c.o
                0x000000000800a314                HAL_I2C_Mem_Read
 .text.HAL_I2C_IsDeviceReady
                0x000000000800a760      0x25c Drivers/STM32F4xx_HAL_Driver/Src/stm32f4xx_hal_i2c.o
                0x000000000800a760                HAL_I2C_IsDeviceReady
 .text.I2C_MasterRequestWrite
                0x000000000800a9bc      0x104 Drivers/STM32F4xx_HAL_Driver/Src/stm32f4xx_hal_i2c.o
 .text.I2C_MasterRequestRead
                0x000000000800aac0      0x19c Drivers/STM32F4xx_HAL_Driver/Src/stm32f4xx_hal_i2c.o
 .text.I2C_RequestMemoryWrite
                0x000000000800ac5c      0x12c Drivers/STM32F4xx_HAL_Driver/Src/stm32f4xx_hal_i2c.o
 .text.I2C_RequestMemoryRead
                0x000000000800ad88      0x1d0 Drivers/STM32F4xx_HAL_Driver/Src/stm32f4xx_hal_i2c.o
 .text.I2C_WaitOnFlagUntilTimeout
                0x000000000800af58       0xae Drivers/STM32F4xx_HAL_Driver/Src/stm32f4xx_hal_i2c.o
 .text.I2C_WaitOnMasterAddressFlagUntilTimeout
                0x000000000800b006       0xfe Drivers/STM32F4xx_HAL_Driver/Src/stm32f4xx_hal_i2c.o
 .text.I2C_WaitOnTXEFlagUntilTimeout
                0x000000000800b104       0x82 Drivers/STM32F4xx_HAL_Driver/Src/stm32f4xx_hal_i2c.o
 .text.I2C_WaitOnBTFFlagUntilTimeout
                0x000000000800b186       0x82 Drivers/STM32F4xx_HAL_Driver/Src/stm32f4xx_hal_i2c.o
 .text.I2C_WaitOnRXNEFlagUntilTimeout
                0x000000000800b208       0xac Drivers/STM32F4xx_HAL_Driver/Src/stm32f4xx_hal_i2c.o
 .text.I2C_IsAcknowledgeFailed
                0x000000000800b2b4       0x5e Drivers/STM32F4xx_HAL_Driver/Src/stm32f4xx_hal_i2c.o
 *fill*         0x000000000800b312        0x2 
 .text.HAL_RCC_OscConfig
                0x000000000800b314      0x4e0 Drivers/STM32F4xx_HAL_Driver/Src/stm32f4xx_hal_rcc.o
                0x000000000800b314                HAL_RCC_OscConfig
 .text.HAL_RCC_ClockConfig
                0x000000000800b7f4      0x1cc Drivers/STM32F4xx_HAL_Driver/Src/stm32f4xx_hal_rcc.o
                0x000000000800b7f4                HAL_RCC_ClockConfig
 .text.HAL_RCC_GetSysClockFreq
                0x000000000800b9c0      0x1b0 Drivers/STM32F4xx_HAL_Driver/Src/stm32f4xx_hal_rcc.o
                0x000000000800b9c0                HAL_RCC_GetSysClockFreq
 .text.HAL_RCC_GetHCLKFreq
                0x000000000800bb70       0x18 Drivers/STM32F4xx_HAL_Driver/Src/stm32f4xx_hal_rcc.o
                0x000000000800bb70                HAL_RCC_GetHCLKFreq
 .text.HAL_RCC_GetPCLK1Freq
                0x000000000800bb88       0x28 Drivers/STM32F4xx_HAL_Driver/Src/stm32f4xx_hal_rcc.o
                0x000000000800bb88                HAL_RCC_GetPCLK1Freq
 .text.HAL_RCC_GetPCLK2Freq
                0x000000000800bbb0       0x28 Drivers/STM32F4xx_HAL_Driver/Src/stm32f4xx_hal_rcc.o
                0x000000000800bbb0                HAL_RCC_GetPCLK2Freq
 .text.HAL_SPI_Init
                0x000000000800bbd8       0xc8 Drivers/STM32F4xx_HAL_Driver/Src/stm32f4xx_hal_spi.o
                0x000000000800bbd8                HAL_SPI_Init
 .text.HAL_SPI_Transmit
                0x000000000800bca0      0x268 Drivers/STM32F4xx_HAL_Driver/Src/stm32f4xx_hal_spi.o
                0x000000000800bca0                HAL_SPI_Transmit
 .text.HAL_SPI_Receive
                0x000000000800bf08      0x212 Drivers/STM32F4xx_HAL_Driver/Src/stm32f4xx_hal_spi.o
                0x000000000800bf08                HAL_SPI_Receive
 .text.HAL_SPI_TransmitReceive
                0x000000000800c11a      0x344 Drivers/STM32F4xx_HAL_Driver/Src/stm32f4xx_hal_spi.o
                0x000000000800c11a                HAL_SPI_TransmitReceive
 *fill*         0x000000000800c45e        0x2 
 .text.HAL_SPI_IRQHandler
                0x000000000800c460      0x200 Drivers/STM32F4xx_HAL_Driver/Src/stm32f4xx_hal_spi.o
                0x000000000800c460                HAL_SPI_IRQHandler
 .text.HAL_SPI_ErrorCallback
                0x000000000800c660       0x14 Drivers/STM32F4xx_HAL_Driver/Src/stm32f4xx_hal_spi.o
                0x000000000800c660                HAL_SPI_ErrorCallback
 .text.SPI_DMAAbortOnError
                0x000000000800c674       0x28 Drivers/STM32F4xx_HAL_Driver/Src/stm32f4xx_hal_spi.o
 .text.SPI_WaitFlagStateUntilTimeout
                0x000000000800c69c       0xd4 Drivers/STM32F4xx_HAL_Driver/Src/stm32f4xx_hal_spi.o
 .text.SPI_EndRxTransaction
                0x000000000800c770       0xca Drivers/STM32F4xx_HAL_Driver/Src/stm32f4xx_hal_spi.o
 *fill*         0x000000000800c83a        0x2 
 .text.SPI_EndRxTxTransaction
                0x000000000800c83c       0x84 Drivers/STM32F4xx_HAL_Driver/Src/stm32f4xx_hal_spi.o
 .text.HAL_TIM_Base_Init
                0x000000000800c8c0       0x56 Drivers/STM32F4xx_HAL_Driver/Src/stm32f4xx_hal_tim.o
                0x000000000800c8c0                HAL_TIM_Base_Init
 .text.HAL_TIM_PWM_Init
                0x000000000800c916       0x56 Drivers/STM32F4xx_HAL_Driver/Src/stm32f4xx_hal_tim.o
                0x000000000800c916                HAL_TIM_PWM_Init
 .text.HAL_TIM_PWM_MspInit
                0x000000000800c96c       0x14 Drivers/STM32F4xx_HAL_Driver/Src/stm32f4xx_hal_tim.o
                0x000000000800c96c                HAL_TIM_PWM_MspInit
 .text.HAL_TIM_PWM_Start
                0x000000000800c980       0x7c Drivers/STM32F4xx_HAL_Driver/Src/stm32f4xx_hal_tim.o
                0x000000000800c980                HAL_TIM_PWM_Start
 .text.HAL_TIM_IRQHandler
                0x000000000800c9fc      0x210 Drivers/STM32F4xx_HAL_Driver/Src/stm32f4xx_hal_tim.o
                0x000000000800c9fc                HAL_TIM_IRQHandler
 .text.HAL_TIM_PWM_ConfigChannel
                0x000000000800cc0c      0x18c Drivers/STM32F4xx_HAL_Driver/Src/stm32f4xx_hal_tim.o
                0x000000000800cc0c                HAL_TIM_PWM_ConfigChannel
 .text.HAL_TIM_ConfigClockSource
                0x000000000800cd98      0x16e Drivers/STM32F4xx_HAL_Driver/Src/stm32f4xx_hal_tim.o
                0x000000000800cd98                HAL_TIM_ConfigClockSource
 .text.HAL_TIM_PeriodElapsedCallback
                0x000000000800cf06       0x14 Drivers/STM32F4xx_HAL_Driver/Src/stm32f4xx_hal_tim.o
                0x000000000800cf06                HAL_TIM_PeriodElapsedCallback
 .text.HAL_TIM_OC_DelayElapsedCallback
                0x000000000800cf1a       0x14 Drivers/STM32F4xx_HAL_Driver/Src/stm32f4xx_hal_tim.o
                0x000000000800cf1a                HAL_TIM_OC_DelayElapsedCallback
 .text.HAL_TIM_IC_CaptureCallback
                0x000000000800cf2e       0x14 Drivers/STM32F4xx_HAL_Driver/Src/stm32f4xx_hal_tim.o
                0x000000000800cf2e                HAL_TIM_IC_CaptureCallback
 .text.HAL_TIM_PWM_PulseFinishedCallback
                0x000000000800cf42       0x14 Drivers/STM32F4xx_HAL_Driver/Src/stm32f4xx_hal_tim.o
                0x000000000800cf42                HAL_TIM_PWM_PulseFinishedCallback
 .text.HAL_TIM_TriggerCallback
                0x000000000800cf56       0x14 Drivers/STM32F4xx_HAL_Driver/Src/stm32f4xx_hal_tim.o
                0x000000000800cf56                HAL_TIM_TriggerCallback
 *fill*         0x000000000800cf6a        0x2 
 .text.TIM_Base_SetConfig
                0x000000000800cf6c      0x140 Drivers/STM32F4xx_HAL_Driver/Src/stm32f4xx_hal_tim.o
                0x000000000800cf6c                TIM_Base_SetConfig
 .text.TIM_OC1_SetConfig
                0x000000000800d0ac       0xe0 Drivers/STM32F4xx_HAL_Driver/Src/stm32f4xx_hal_tim.o
 .text.TIM_OC2_SetConfig
                0x000000000800d18c       0xec Drivers/STM32F4xx_HAL_Driver/Src/stm32f4xx_hal_tim.o
                0x000000000800d18c                TIM_OC2_SetConfig
 .text.TIM_OC3_SetConfig
                0x000000000800d278       0xe8 Drivers/STM32F4xx_HAL_Driver/Src/stm32f4xx_hal_tim.o
 .text.TIM_OC4_SetConfig
                0x000000000800d360       0xac Drivers/STM32F4xx_HAL_Driver/Src/stm32f4xx_hal_tim.o
 .text.TIM_TI1_ConfigInputStage
                0x000000000800d40c       0x5e Drivers/STM32F4xx_HAL_Driver/Src/stm32f4xx_hal_tim.o
 .text.TIM_TI2_ConfigInputStage
                0x000000000800d46a       0x60 Drivers/STM32F4xx_HAL_Driver/Src/stm32f4xx_hal_tim.o
 .text.TIM_ITRx_SetConfig
                0x000000000800d4ca       0x36 Drivers/STM32F4xx_HAL_Driver/Src/stm32f4xx_hal_tim.o
 .text.TIM_ETR_SetConfig
                0x000000000800d500       0x40 Drivers/STM32F4xx_HAL_Driver/Src/stm32f4xx_hal_tim.o
                0x000000000800d500                TIM_ETR_SetConfig
 .text.TIM_CCxChannelCmd
                0x000000000800d540       0x4a Drivers/STM32F4xx_HAL_Driver/Src/stm32f4xx_hal_tim.o
                0x000000000800d540                TIM_CCxChannelCmd
 *fill*         0x000000000800d58a        0x2 
 .text.HAL_TIMEx_MasterConfigSynchronization
                0x000000000800d58c       0xf8 Drivers/STM32F4xx_HAL_Driver/Src/stm32f4xx_hal_tim_ex.o
                0x000000000800d58c                HAL_TIMEx_MasterConfigSynchronization
 .text.HAL_TIMEx_CommutCallback
                0x000000000800d684       0x14 Drivers/STM32F4xx_HAL_Driver/Src/stm32f4xx_hal_tim_ex.o
                0x000000000800d684                HAL_TIMEx_CommutCallback
 .text.HAL_TIMEx_BreakCallback
                0x000000000800d698       0x14 Drivers/STM32F4xx_HAL_Driver/Src/stm32f4xx_hal_tim_ex.o
                0x000000000800d698                HAL_TIMEx_BreakCallback
 .text.HAL_UART_Init
                0x000000000800d6ac       0x9a Drivers/STM32F4xx_HAL_Driver/Src/stm32f4xx_hal_uart.o
                0x000000000800d6ac                HAL_UART_Init
 .text.HAL_UART_Transmit
                0x000000000800d746      0x132 Drivers/STM32F4xx_HAL_Driver/Src/stm32f4xx_hal_uart.o
                0x000000000800d746                HAL_UART_Transmit
 .text.HAL_UART_IRQHandler
                0x000000000800d878      0x200 Drivers/STM32F4xx_HAL_Driver/Src/stm32f4xx_hal_uart.o
                0x000000000800d878                HAL_UART_IRQHandler
 .text.HAL_UART_TxCpltCallback
                0x000000000800da78       0x14 Drivers/STM32F4xx_HAL_Driver/Src/stm32f4xx_hal_uart.o
                0x000000000800da78                HAL_UART_TxCpltCallback
 .text.HAL_UART_RxCpltCallback
                0x000000000800da8c       0x14 Drivers/STM32F4xx_HAL_Driver/Src/stm32f4xx_hal_uart.o
                0x000000000800da8c                HAL_UART_RxCpltCallback
 .text.HAL_UART_ErrorCallback
                0x000000000800daa0       0x14 Drivers/STM32F4xx_HAL_Driver/Src/stm32f4xx_hal_uart.o
                0x000000000800daa0                HAL_UART_ErrorCallback
 .text.UART_WaitOnFlagUntilTimeout
                0x000000000800dab4       0x94 Drivers/STM32F4xx_HAL_Driver/Src/stm32f4xx_hal_uart.o
 .text.UART_EndRxTransfer
                0x000000000800db48       0x3c Drivers/STM32F4xx_HAL_Driver/Src/stm32f4xx_hal_uart.o
 .text.UART_DMAAbortOnError
                0x000000000800db84       0x28 Drivers/STM32F4xx_HAL_Driver/Src/stm32f4xx_hal_uart.o
 .text.UART_Transmit_IT
                0x000000000800dbac       0xac Drivers/STM32F4xx_HAL_Driver/Src/stm32f4xx_hal_uart.o
 .text.UART_EndTransmit_IT
                0x000000000800dc58       0x30 Drivers/STM32F4xx_HAL_Driver/Src/stm32f4xx_hal_uart.o
 .text.UART_Receive_IT
                0x000000000800dc88      0x102 Drivers/STM32F4xx_HAL_Driver/Src/stm32f4xx_hal_uart.o
 *fill*         0x000000000800dd8a        0x2 
 .text.UART_SetConfig
                0x000000000800dd8c      0x6f8 Drivers/STM32F4xx_HAL_Driver/Src/stm32f4xx_hal_uart.o
 .text._ZdlPvj  0x000000000800e484        0x4 c:/st/stm32cubeide_1.4.0/stm32cubeide/plugins/com.st.stm32cube.ide.mcu.externaltools.gnu-tools-for-stm32.7-2018-q2-update.win32_1.4.0.202007081208/tools/bin/../lib/gcc/arm-none-eabi/7.3.1/../../../../arm-none-eabi/lib/thumb/v7e-m/fpv4-sp/hard\libstdc++_nano.a(del_ops.o)
                0x000000000800e484                operator delete(void*, unsigned int)
 .text._ZdlPv   0x000000000800e488        0x4 c:/st/stm32cubeide_1.4.0/stm32cubeide/plugins/com.st.stm32cube.ide.mcu.externaltools.gnu-tools-for-stm32.7-2018-q2-update.win32_1.4.0.202007081208/tools/bin/../lib/gcc/arm-none-eabi/7.3.1/../../../../arm-none-eabi/lib/thumb/v7e-m/fpv4-sp/hard\libstdc++_nano.a(del_op.o)
                0x000000000800e488                operator delete(void*)
 *fill*         0x000000000800e48c        0x4 
 .text.cos      0x000000000800e490       0x88 c:/st/stm32cubeide_1.4.0/stm32cubeide/plugins/com.st.stm32cube.ide.mcu.externaltools.gnu-tools-for-stm32.7-2018-q2-update.win32_1.4.0.202007081208/tools/bin/../lib/gcc/arm-none-eabi/7.3.1/../../../../arm-none-eabi/lib/thumb/v7e-m/fpv4-sp/hard\libm.a(lib_a-s_cos.o)
                0x000000000800e490                cos
 .text.sin      0x000000000800e518       0x90 c:/st/stm32cubeide_1.4.0/stm32cubeide/plugins/com.st.stm32cube.ide.mcu.externaltools.gnu-tools-for-stm32.7-2018-q2-update.win32_1.4.0.202007081208/tools/bin/../lib/gcc/arm-none-eabi/7.3.1/../../../../arm-none-eabi/lib/thumb/v7e-m/fpv4-sp/hard\libm.a(lib_a-s_sin.o)
                0x000000000800e518                sin
 .text.pow      0x000000000800e5a8      0x2e0 c:/st/stm32cubeide_1.4.0/stm32cubeide/plugins/com.st.stm32cube.ide.mcu.externaltools.gnu-tools-for-stm32.7-2018-q2-update.win32_1.4.0.202007081208/tools/bin/../lib/gcc/arm-none-eabi/7.3.1/../../../../arm-none-eabi/lib/thumb/v7e-m/fpv4-sp/hard\libm.a(lib_a-w_pow.o)
                0x000000000800e5a8                pow
 .text.sqrt     0x000000000800e888       0xb4 c:/st/stm32cubeide_1.4.0/stm32cubeide/plugins/com.st.stm32cube.ide.mcu.externaltools.gnu-tools-for-stm32.7-2018-q2-update.win32_1.4.0.202007081208/tools/bin/../lib/gcc/arm-none-eabi/7.3.1/../../../../arm-none-eabi/lib/thumb/v7e-m/fpv4-sp/hard\libm.a(lib_a-w_sqrt.o)
                0x000000000800e888                sqrt
 .text.asinf    0x000000000800e93c       0xb0 c:/st/stm32cubeide_1.4.0/stm32cubeide/plugins/com.st.stm32cube.ide.mcu.externaltools.gnu-tools-for-stm32.7-2018-q2-update.win32_1.4.0.202007081208/tools/bin/../lib/gcc/arm-none-eabi/7.3.1/../../../../arm-none-eabi/lib/thumb/v7e-m/fpv4-sp/hard\libm.a(lib_a-wf_asin.o)
                0x000000000800e93c                asinf
 .text.atan2f   0x000000000800e9ec        0x4 c:/st/stm32cubeide_1.4.0/stm32cubeide/plugins/com.st.stm32cube.ide.mcu.externaltools.gnu-tools-for-stm32.7-2018-q2-update.win32_1.4.0.202007081208/tools/bin/../lib/gcc/arm-none-eabi/7.3.1/../../../../arm-none-eabi/lib/thumb/v7e-m/fpv4-sp/hard\libm.a(lib_a-wf_atan2.o)
                0x000000000800e9ec                atan2f
 .text.__ieee754_pow
                0x000000000800e9f0      0xa1c c:/st/stm32cubeide_1.4.0/stm32cubeide/plugins/com.st.stm32cube.ide.mcu.externaltools.gnu-tools-for-stm32.7-2018-q2-update.win32_1.4.0.202007081208/tools/bin/../lib/gcc/arm-none-eabi/7.3.1/../../../../arm-none-eabi/lib/thumb/v7e-m/fpv4-sp/hard\libm.a(lib_a-e_pow.o)
                0x000000000800e9f0                __ieee754_pow
 *fill*         0x000000000800f40c        0x4 
 .text.__ieee754_rem_pio2
                0x000000000800f410      0x3e4 c:/st/stm32cubeide_1.4.0/stm32cubeide/plugins/com.st.stm32cube.ide.mcu.externaltools.gnu-tools-for-stm32.7-2018-q2-update.win32_1.4.0.202007081208/tools/bin/../lib/gcc/arm-none-eabi/7.3.1/../../../../arm-none-eabi/lib/thumb/v7e-m/fpv4-sp/hard\libm.a(lib_a-e_rem_pio2.o)
                0x000000000800f410                __ieee754_rem_pio2
 .text.__ieee754_sqrt
                0x000000000800f7f4      0x160 c:/st/stm32cubeide_1.4.0/stm32cubeide/plugins/com.st.stm32cube.ide.mcu.externaltools.gnu-tools-for-stm32.7-2018-q2-update.win32_1.4.0.202007081208/tools/bin/../lib/gcc/arm-none-eabi/7.3.1/../../../../arm-none-eabi/lib/thumb/v7e-m/fpv4-sp/hard\libm.a(lib_a-e_sqrt.o)
                0x000000000800f7f4                __ieee754_sqrt
 .text.__ieee754_asinf
                0x000000000800f954      0x1d0 c:/st/stm32cubeide_1.4.0/stm32cubeide/plugins/com.st.stm32cube.ide.mcu.externaltools.gnu-tools-for-stm32.7-2018-q2-update.win32_1.4.0.202007081208/tools/bin/../lib/gcc/arm-none-eabi/7.3.1/../../../../arm-none-eabi/lib/thumb/v7e-m/fpv4-sp/hard\libm.a(lib_a-ef_asin.o)
                0x000000000800f954                __ieee754_asinf
 .text.__ieee754_atan2f
                0x000000000800fb24      0x15c c:/st/stm32cubeide_1.4.0/stm32cubeide/plugins/com.st.stm32cube.ide.mcu.externaltools.gnu-tools-for-stm32.7-2018-q2-update.win32_1.4.0.202007081208/tools/bin/../lib/gcc/arm-none-eabi/7.3.1/../../../../arm-none-eabi/lib/thumb/v7e-m/fpv4-sp/hard\libm.a(lib_a-ef_atan2.o)
                0x000000000800fb24                __ieee754_atan2f
 .text.__ieee754_sqrtf
                0x000000000800fc80        0x6 c:/st/stm32cubeide_1.4.0/stm32cubeide/plugins/com.st.stm32cube.ide.mcu.externaltools.gnu-tools-for-stm32.7-2018-q2-update.win32_1.4.0.202007081208/tools/bin/../lib/gcc/arm-none-eabi/7.3.1/../../../../arm-none-eabi/lib/thumb/v7e-m/fpv4-sp/hard\libm.a(lib_a-ef_sqrt.o)
                0x000000000800fc80                __ieee754_sqrtf
 *fill*         0x000000000800fc86        0x2 
 .text.__kernel_cos
                0x000000000800fc88      0x18c c:/st/stm32cubeide_1.4.0/stm32cubeide/plugins/com.st.stm32cube.ide.mcu.externaltools.gnu-tools-for-stm32.7-2018-q2-update.win32_1.4.0.202007081208/tools/bin/../lib/gcc/arm-none-eabi/7.3.1/../../../../arm-none-eabi/lib/thumb/v7e-m/fpv4-sp/hard\libm.a(lib_a-k_cos.o)
                0x000000000800fc88                __kernel_cos
 *fill*         0x000000000800fe14        0x4 
 .text.__kernel_rem_pio2
                0x000000000800fe18      0x680 c:/st/stm32cubeide_1.4.0/stm32cubeide/plugins/com.st.stm32cube.ide.mcu.externaltools.gnu-tools-for-stm32.7-2018-q2-update.win32_1.4.0.202007081208/tools/bin/../lib/gcc/arm-none-eabi/7.3.1/../../../../arm-none-eabi/lib/thumb/v7e-m/fpv4-sp/hard\libm.a(lib_a-k_rem_pio2.o)
                0x000000000800fe18                __kernel_rem_pio2
 .text.__kernel_sin
                0x0000000008010498      0x174 c:/st/stm32cubeide_1.4.0/stm32cubeide/plugins/com.st.stm32cube.ide.mcu.externaltools.gnu-tools-for-stm32.7-2018-q2-update.win32_1.4.0.202007081208/tools/bin/../lib/gcc/arm-none-eabi/7.3.1/../../../../arm-none-eabi/lib/thumb/v7e-m/fpv4-sp/hard\libm.a(lib_a-k_sin.o)
                0x0000000008010498                __kernel_sin
 .text.fabs     0x000000000801060c       0x12 c:/st/stm32cubeide_1.4.0/stm32cubeide/plugins/com.st.stm32cube.ide.mcu.externaltools.gnu-tools-for-stm32.7-2018-q2-update.win32_1.4.0.202007081208/tools/bin/../lib/gcc/arm-none-eabi/7.3.1/../../../../arm-none-eabi/lib/thumb/v7e-m/fpv4-sp/hard\libm.a(lib_a-s_fabs.o)
                0x000000000801060c                fabs
 .text.finite   0x000000000801061e       0x10 c:/st/stm32cubeide_1.4.0/stm32cubeide/plugins/com.st.stm32cube.ide.mcu.externaltools.gnu-tools-for-stm32.7-2018-q2-update.win32_1.4.0.202007081208/tools/bin/../lib/gcc/arm-none-eabi/7.3.1/../../../../arm-none-eabi/lib/thumb/v7e-m/fpv4-sp/hard\libm.a(lib_a-s_finite.o)
                0x000000000801061e                finite
 *fill*         0x000000000801062e        0x2 
 .text.floor    0x0000000008010630      0x108 c:/st/stm32cubeide_1.4.0/stm32cubeide/plugins/com.st.stm32cube.ide.mcu.externaltools.gnu-tools-for-stm32.7-2018-q2-update.win32_1.4.0.202007081208/tools/bin/../lib/gcc/arm-none-eabi/7.3.1/../../../../arm-none-eabi/lib/thumb/v7e-m/fpv4-sp/hard\libm.a(lib_a-s_floor.o)
                0x0000000008010630                floor
 .text.matherr  0x0000000008010738        0x4 c:/st/stm32cubeide_1.4.0/stm32cubeide/plugins/com.st.stm32cube.ide.mcu.externaltools.gnu-tools-for-stm32.7-2018-q2-update.win32_1.4.0.202007081208/tools/bin/../lib/gcc/arm-none-eabi/7.3.1/../../../../arm-none-eabi/lib/thumb/v7e-m/fpv4-sp/hard\libm.a(lib_a-s_matherr.o)
                0x0000000008010738                matherr
 *fill*         0x000000000801073c        0x4 
 .text.nan      0x0000000008010740       0x10 c:/st/stm32cubeide_1.4.0/stm32cubeide/plugins/com.st.stm32cube.ide.mcu.externaltools.gnu-tools-for-stm32.7-2018-q2-update.win32_1.4.0.202007081208/tools/bin/../lib/gcc/arm-none-eabi/7.3.1/../../../../arm-none-eabi/lib/thumb/v7e-m/fpv4-sp/hard\libm.a(lib_a-s_nan.o)
                0x0000000008010740                nan
 .text.rint     0x0000000008010750      0x108 c:/st/stm32cubeide_1.4.0/stm32cubeide/plugins/com.st.stm32cube.ide.mcu.externaltools.gnu-tools-for-stm32.7-2018-q2-update.win32_1.4.0.202007081208/tools/bin/../lib/gcc/arm-none-eabi/7.3.1/../../../../arm-none-eabi/lib/thumb/v7e-m/fpv4-sp/hard\libm.a(lib_a-s_rint.o)
                0x0000000008010750                rint
 .text.scalbn   0x0000000008010858       0xec c:/st/stm32cubeide_1.4.0/stm32cubeide/plugins/com.st.stm32cube.ide.mcu.externaltools.gnu-tools-for-stm32.7-2018-q2-update.win32_1.4.0.202007081208/tools/bin/../lib/gcc/arm-none-eabi/7.3.1/../../../../arm-none-eabi/lib/thumb/v7e-m/fpv4-sp/hard\libm.a(lib_a-s_scalbn.o)
                0x0000000008010858                scalbn
 .text.atanf    0x0000000008010944      0x1a8 c:/st/stm32cubeide_1.4.0/stm32cubeide/plugins/com.st.stm32cube.ide.mcu.externaltools.gnu-tools-for-stm32.7-2018-q2-update.win32_1.4.0.202007081208/tools/bin/../lib/gcc/arm-none-eabi/7.3.1/../../../../arm-none-eabi/lib/thumb/v7e-m/fpv4-sp/hard\libm.a(lib_a-sf_atan.o)
                0x0000000008010944                atanf
 .text.fabsf    0x0000000008010aec        0xe c:/st/stm32cubeide_1.4.0/stm32cubeide/plugins/com.st.stm32cube.ide.mcu.externaltools.gnu-tools-for-stm32.7-2018-q2-update.win32_1.4.0.202007081208/tools/bin/../lib/gcc/arm-none-eabi/7.3.1/../../../../arm-none-eabi/lib/thumb/v7e-m/fpv4-sp/hard\libm.a(lib_a-sf_fabs.o)
                0x0000000008010aec                fabsf
 .text.copysign
                0x0000000008010afa       0x1e c:/st/stm32cubeide_1.4.0/stm32cubeide/plugins/com.st.stm32cube.ide.mcu.externaltools.gnu-tools-for-stm32.7-2018-q2-update.win32_1.4.0.202007081208/tools/bin/../lib/gcc/arm-none-eabi/7.3.1/../../../../arm-none-eabi/lib/thumb/v7e-m/fpv4-sp/hard\libm.a(lib_a-s_copysign.o)
                0x0000000008010afa                copysign
 .text.__errno  0x0000000008010b18        0xc c:/st/stm32cubeide_1.4.0/stm32cubeide/plugins/com.st.stm32cube.ide.mcu.externaltools.gnu-tools-for-stm32.7-2018-q2-update.win32_1.4.0.202007081208/tools/bin/../lib/gcc/arm-none-eabi/7.3.1/../../../../arm-none-eabi/lib/thumb/v7e-m/fpv4-sp/hard\libc_nano.a(lib_a-errno.o)
                0x0000000008010b18                __errno
 .text.__libc_init_array
                0x0000000008010b24       0x48 c:/st/stm32cubeide_1.4.0/stm32cubeide/plugins/com.st.stm32cube.ide.mcu.externaltools.gnu-tools-for-stm32.7-2018-q2-update.win32_1.4.0.202007081208/tools/bin/../lib/gcc/arm-none-eabi/7.3.1/../../../../arm-none-eabi/lib/thumb/v7e-m/fpv4-sp/hard\libc_nano.a(lib_a-init.o)
                0x0000000008010b24                __libc_init_array
 .text.free     0x0000000008010b6c       0x10 c:/st/stm32cubeide_1.4.0/stm32cubeide/plugins/com.st.stm32cube.ide.mcu.externaltools.gnu-tools-for-stm32.7-2018-q2-update.win32_1.4.0.202007081208/tools/bin/../lib/gcc/arm-none-eabi/7.3.1/../../../../arm-none-eabi/lib/thumb/v7e-m/fpv4-sp/hard\libc_nano.a(lib_a-malloc.o)
                0x0000000008010b6c                free
 .text.memset   0x0000000008010b7c       0x10 c:/st/stm32cubeide_1.4.0/stm32cubeide/plugins/com.st.stm32cube.ide.mcu.externaltools.gnu-tools-for-stm32.7-2018-q2-update.win32_1.4.0.202007081208/tools/bin/../lib/gcc/arm-none-eabi/7.3.1/../../../../arm-none-eabi/lib/thumb/v7e-m/fpv4-sp/hard\libc_nano.a(lib_a-memset.o)
                0x0000000008010b7c                memset
 .text._free_r  0x0000000008010b8c       0x9c c:/st/stm32cubeide_1.4.0/stm32cubeide/plugins/com.st.stm32cube.ide.mcu.externaltools.gnu-tools-for-stm32.7-2018-q2-update.win32_1.4.0.202007081208/tools/bin/../lib/gcc/arm-none-eabi/7.3.1/../../../../arm-none-eabi/lib/thumb/v7e-m/fpv4-sp/hard\libc_nano.a(lib_a-nano-freer.o)
                0x0000000008010b8c                _free_r
 .text.__malloc_lock
                0x0000000008010c28        0x2 c:/st/stm32cubeide_1.4.0/stm32cubeide/plugins/com.st.stm32cube.ide.mcu.externaltools.gnu-tools-for-stm32.7-2018-q2-update.win32_1.4.0.202007081208/tools/bin/../lib/gcc/arm-none-eabi/7.3.1/../../../../arm-none-eabi/lib/thumb/v7e-m/fpv4-sp/hard\libc_nano.a(lib_a-mlock.o)
                0x0000000008010c28                __malloc_lock
 .text.__malloc_unlock
                0x0000000008010c2a        0x2 c:/st/stm32cubeide_1.4.0/stm32cubeide/plugins/com.st.stm32cube.ide.mcu.externaltools.gnu-tools-for-stm32.7-2018-q2-update.win32_1.4.0.202007081208/tools/bin/../lib/gcc/arm-none-eabi/7.3.1/../../../../arm-none-eabi/lib/thumb/v7e-m/fpv4-sp/hard\libc_nano.a(lib_a-mlock.o)
                0x0000000008010c2a                __malloc_unlock
 *(.glue_7)
 .glue_7        0x0000000008010c2c        0x0 linker stubs
 *(.glue_7t)
 .glue_7t       0x0000000008010c2c        0x0 linker stubs
 *(.eh_frame)
 .eh_frame      0x0000000008010c2c        0x0 c:/st/stm32cubeide_1.4.0/stm32cubeide/plugins/com.st.stm32cube.ide.mcu.externaltools.gnu-tools-for-stm32.7-2018-q2-update.win32_1.4.0.202007081208/tools/bin/../lib/gcc/arm-none-eabi/7.3.1/thumb/v7e-m/fpv4-sp/hard/crtbegin.o
 *(.init)
 .init          0x0000000008010c2c        0x4 c:/st/stm32cubeide_1.4.0/stm32cubeide/plugins/com.st.stm32cube.ide.mcu.externaltools.gnu-tools-for-stm32.7-2018-q2-update.win32_1.4.0.202007081208/tools/bin/../lib/gcc/arm-none-eabi/7.3.1/thumb/v7e-m/fpv4-sp/hard/crti.o
                0x0000000008010c2c                _init
 .init          0x0000000008010c30        0x8 c:/st/stm32cubeide_1.4.0/stm32cubeide/plugins/com.st.stm32cube.ide.mcu.externaltools.gnu-tools-for-stm32.7-2018-q2-update.win32_1.4.0.202007081208/tools/bin/../lib/gcc/arm-none-eabi/7.3.1/thumb/v7e-m/fpv4-sp/hard/crtn.o
 *(.fini)
 .fini          0x0000000008010c38        0x4 c:/st/stm32cubeide_1.4.0/stm32cubeide/plugins/com.st.stm32cube.ide.mcu.externaltools.gnu-tools-for-stm32.7-2018-q2-update.win32_1.4.0.202007081208/tools/bin/../lib/gcc/arm-none-eabi/7.3.1/thumb/v7e-m/fpv4-sp/hard/crti.o
                0x0000000008010c38                _fini
 .fini          0x0000000008010c3c        0x8 c:/st/stm32cubeide_1.4.0/stm32cubeide/plugins/com.st.stm32cube.ide.mcu.externaltools.gnu-tools-for-stm32.7-2018-q2-update.win32_1.4.0.202007081208/tools/bin/../lib/gcc/arm-none-eabi/7.3.1/thumb/v7e-m/fpv4-sp/hard/crtn.o
                0x0000000008010c44                . = ALIGN (0x4)
                0x0000000008010c44                _etext = .

.vfp11_veneer   0x0000000008010c44        0x0
 .vfp11_veneer  0x0000000008010c44        0x0 linker stubs

.v4_bx          0x0000000008010c44        0x0
 .v4_bx         0x0000000008010c44        0x0 linker stubs

.iplt           0x0000000008010c44        0x0
 .iplt          0x0000000008010c44        0x0 c:/st/stm32cubeide_1.4.0/stm32cubeide/plugins/com.st.stm32cube.ide.mcu.externaltools.gnu-tools-for-stm32.7-2018-q2-update.win32_1.4.0.202007081208/tools/bin/../lib/gcc/arm-none-eabi/7.3.1/thumb/v7e-m/fpv4-sp/hard/crtbegin.o

.rodata         0x0000000008010c48      0x2c0
                0x0000000008010c48                . = ALIGN (0x4)
 *(.rodata)
 .rodata        0x0000000008010c48       0x38 Core/Src/GPS.o
 .rodata        0x0000000008010c80        0xd Core/Src/HuLaNRF24L01.o
 *(.rodata*)
 *fill*         0x0000000008010c8d        0x3 
 .rodata._ZTV14PID_Horizontal
                0x0000000008010c90       0x10 Core/Src/PIDHorizontal.o
                0x0000000008010c90                vtable for PID_Horizontal
 .rodata.AHBPrescTable
                0x0000000008010ca0       0x10 Core/Src/system_stm32f4xx.o
                0x0000000008010ca0                AHBPrescTable
 .rodata.APBPrescTable
                0x0000000008010cb0        0x8 Core/Src/system_stm32f4xx.o
                0x0000000008010cb0                APBPrescTable
 .rodata.flagBitshiftOffset.8623
                0x0000000008010cb8        0x8 Drivers/STM32F4xx_HAL_Driver/Src/stm32f4xx_hal_dma.o
 .rodata.pow.str1.1
                0x0000000008010cc0        0x4 c:/st/stm32cubeide_1.4.0/stm32cubeide/plugins/com.st.stm32cube.ide.mcu.externaltools.gnu-tools-for-stm32.7-2018-q2-update.win32_1.4.0.202007081208/tools/bin/../lib/gcc/arm-none-eabi/7.3.1/../../../../arm-none-eabi/lib/thumb/v7e-m/fpv4-sp/hard\libm.a(lib_a-w_pow.o)
 .rodata.sqrt.str1.1
                0x0000000008010cc4        0x5 c:/st/stm32cubeide_1.4.0/stm32cubeide/plugins/com.st.stm32cube.ide.mcu.externaltools.gnu-tools-for-stm32.7-2018-q2-update.win32_1.4.0.202007081208/tools/bin/../lib/gcc/arm-none-eabi/7.3.1/../../../../arm-none-eabi/lib/thumb/v7e-m/fpv4-sp/hard\libm.a(lib_a-w_sqrt.o)
 .rodata.asinf.str1.1
                0x0000000008010cc9        0x6 c:/st/stm32cubeide_1.4.0/stm32cubeide/plugins/com.st.stm32cube.ide.mcu.externaltools.gnu-tools-for-stm32.7-2018-q2-update.win32_1.4.0.202007081208/tools/bin/../lib/gcc/arm-none-eabi/7.3.1/../../../../arm-none-eabi/lib/thumb/v7e-m/fpv4-sp/hard\libm.a(lib_a-wf_asin.o)
                                          0x7 (size before relaxing)
 .rodata.__ieee754_pow.str1.1
                0x0000000008010ccf        0x1 c:/st/stm32cubeide_1.4.0/stm32cubeide/plugins/com.st.stm32cube.ide.mcu.externaltools.gnu-tools-for-stm32.7-2018-q2-update.win32_1.4.0.202007081208/tools/bin/../lib/gcc/arm-none-eabi/7.3.1/../../../../arm-none-eabi/lib/thumb/v7e-m/fpv4-sp/hard\libm.a(lib_a-e_pow.o)
 *fill*         0x0000000008010ccf        0x1 
 .rodata.bp     0x0000000008010cd0       0x10 c:/st/stm32cubeide_1.4.0/stm32cubeide/plugins/com.st.stm32cube.ide.mcu.externaltools.gnu-tools-for-stm32.7-2018-q2-update.win32_1.4.0.202007081208/tools/bin/../lib/gcc/arm-none-eabi/7.3.1/../../../../arm-none-eabi/lib/thumb/v7e-m/fpv4-sp/hard\libm.a(lib_a-e_pow.o)
 .rodata.dp_h   0x0000000008010ce0       0x10 c:/st/stm32cubeide_1.4.0/stm32cubeide/plugins/com.st.stm32cube.ide.mcu.externaltools.gnu-tools-for-stm32.7-2018-q2-update.win32_1.4.0.202007081208/tools/bin/../lib/gcc/arm-none-eabi/7.3.1/../../../../arm-none-eabi/lib/thumb/v7e-m/fpv4-sp/hard\libm.a(lib_a-e_pow.o)
 .rodata.dp_l   0x0000000008010cf0       0x10 c:/st/stm32cubeide_1.4.0/stm32cubeide/plugins/com.st.stm32cube.ide.mcu.externaltools.gnu-tools-for-stm32.7-2018-q2-update.win32_1.4.0.202007081208/tools/bin/../lib/gcc/arm-none-eabi/7.3.1/../../../../arm-none-eabi/lib/thumb/v7e-m/fpv4-sp/hard\libm.a(lib_a-e_pow.o)
 .rodata.npio2_hw
                0x0000000008010d00       0x80 c:/st/stm32cubeide_1.4.0/stm32cubeide/plugins/com.st.stm32cube.ide.mcu.externaltools.gnu-tools-for-stm32.7-2018-q2-update.win32_1.4.0.202007081208/tools/bin/../lib/gcc/arm-none-eabi/7.3.1/../../../../arm-none-eabi/lib/thumb/v7e-m/fpv4-sp/hard\libm.a(lib_a-e_rem_pio2.o)
 .rodata.two_over_pi
                0x0000000008010d80      0x108 c:/st/stm32cubeide_1.4.0/stm32cubeide/plugins/com.st.stm32cube.ide.mcu.externaltools.gnu-tools-for-stm32.7-2018-q2-update.win32_1.4.0.202007081208/tools/bin/../lib/gcc/arm-none-eabi/7.3.1/../../../../arm-none-eabi/lib/thumb/v7e-m/fpv4-sp/hard\libm.a(lib_a-e_rem_pio2.o)
 .rodata.PIo2   0x0000000008010e88       0x40 c:/st/stm32cubeide_1.4.0/stm32cubeide/plugins/com.st.stm32cube.ide.mcu.externaltools.gnu-tools-for-stm32.7-2018-q2-update.win32_1.4.0.202007081208/tools/bin/../lib/gcc/arm-none-eabi/7.3.1/../../../../arm-none-eabi/lib/thumb/v7e-m/fpv4-sp/hard\libm.a(lib_a-k_rem_pio2.o)
 .rodata.init_jk
                0x0000000008010ec8       0x10 c:/st/stm32cubeide_1.4.0/stm32cubeide/plugins/com.st.stm32cube.ide.mcu.externaltools.gnu-tools-for-stm32.7-2018-q2-update.win32_1.4.0.202007081208/tools/bin/../lib/gcc/arm-none-eabi/7.3.1/../../../../arm-none-eabi/lib/thumb/v7e-m/fpv4-sp/hard\libm.a(lib_a-k_rem_pio2.o)
 .rodata.TWO52  0x0000000008010ed8       0x10 c:/st/stm32cubeide_1.4.0/stm32cubeide/plugins/com.st.stm32cube.ide.mcu.externaltools.gnu-tools-for-stm32.7-2018-q2-update.win32_1.4.0.202007081208/tools/bin/../lib/gcc/arm-none-eabi/7.3.1/../../../../arm-none-eabi/lib/thumb/v7e-m/fpv4-sp/hard\libm.a(lib_a-s_rint.o)
 .rodata.atanhi
                0x0000000008010ee8       0x10 c:/st/stm32cubeide_1.4.0/stm32cubeide/plugins/com.st.stm32cube.ide.mcu.externaltools.gnu-tools-for-stm32.7-2018-q2-update.win32_1.4.0.202007081208/tools/bin/../lib/gcc/arm-none-eabi/7.3.1/../../../../arm-none-eabi/lib/thumb/v7e-m/fpv4-sp/hard\libm.a(lib_a-sf_atan.o)
 .rodata.atanlo
                0x0000000008010ef8       0x10 c:/st/stm32cubeide_1.4.0/stm32cubeide/plugins/com.st.stm32cube.ide.mcu.externaltools.gnu-tools-for-stm32.7-2018-q2-update.win32_1.4.0.202007081208/tools/bin/../lib/gcc/arm-none-eabi/7.3.1/../../../../arm-none-eabi/lib/thumb/v7e-m/fpv4-sp/hard\libm.a(lib_a-sf_atan.o)
                0x0000000008010f08                . = ALIGN (0x4)

.ARM.extab      0x0000000008010f08        0x0
                0x0000000008010f08                . = ALIGN (0x4)
 *(.ARM.extab* .gnu.linkonce.armextab.*)
                0x0000000008010f08                . = ALIGN (0x4)

.ARM            0x0000000008010f08        0x8
                0x0000000008010f08                . = ALIGN (0x4)
                0x0000000008010f08                __exidx_start = .
 *(.ARM.exidx*)
 .ARM.exidx     0x0000000008010f08        0x8 c:/st/stm32cubeide_1.4.0/stm32cubeide/plugins/com.st.stm32cube.ide.mcu.externaltools.gnu-tools-for-stm32.7-2018-q2-update.win32_1.4.0.202007081208/tools/bin/../lib/gcc/arm-none-eabi/7.3.1/thumb/v7e-m/fpv4-sp/hard\libgcc.a(_udivmoddi4.o)
                0x0000000008010f10                __exidx_end = .
                0x0000000008010f10                . = ALIGN (0x4)

.rel.dyn        0x0000000008010f10        0x0
 .rel.iplt      0x0000000008010f10        0x0 c:/st/stm32cubeide_1.4.0/stm32cubeide/plugins/com.st.stm32cube.ide.mcu.externaltools.gnu-tools-for-stm32.7-2018-q2-update.win32_1.4.0.202007081208/tools/bin/../lib/gcc/arm-none-eabi/7.3.1/thumb/v7e-m/fpv4-sp/hard/crtbegin.o

.preinit_array  0x0000000008010f10        0x0
                0x0000000008010f10                . = ALIGN (0x4)
                0x0000000008010f10                PROVIDE (__preinit_array_start = .)
 *(.preinit_array*)
                0x0000000008010f10                PROVIDE (__preinit_array_end = .)
                0x0000000008010f10                . = ALIGN (0x4)

.init_array     0x0000000008010f10        0xc
                0x0000000008010f10                . = ALIGN (0x4)
                0x0000000008010f10                PROVIDE (__init_array_start = .)
 *(SORT_BY_NAME(.init_array.*))
 *(.init_array*)
 .init_array    0x0000000008010f10        0x4 c:/st/stm32cubeide_1.4.0/stm32cubeide/plugins/com.st.stm32cube.ide.mcu.externaltools.gnu-tools-for-stm32.7-2018-q2-update.win32_1.4.0.202007081208/tools/bin/../lib/gcc/arm-none-eabi/7.3.1/thumb/v7e-m/fpv4-sp/hard/crtbegin.o
 .init_array    0x0000000008010f14        0x4 Core/Src/GPS.o
 .init_array    0x0000000008010f18        0x4 Core/Src/main.o
                0x0000000008010f1c                PROVIDE (__init_array_end = .)
                0x0000000008010f1c                . = ALIGN (0x4)

.fini_array     0x0000000008010f1c        0x8
                0x0000000008010f1c                . = ALIGN (0x4)
                [!provide]                        PROVIDE (__fini_array_start = .)
 *(SORT_BY_NAME(.fini_array.*))
 *(.fini_array*)
 .fini_array    0x0000000008010f1c        0x4 c:/st/stm32cubeide_1.4.0/stm32cubeide/plugins/com.st.stm32cube.ide.mcu.externaltools.gnu-tools-for-stm32.7-2018-q2-update.win32_1.4.0.202007081208/tools/bin/../lib/gcc/arm-none-eabi/7.3.1/thumb/v7e-m/fpv4-sp/hard/crtbegin.o
 .fini_array    0x0000000008010f20        0x4 Core/Src/main.o
                [!provide]                        PROVIDE (__fini_array_end = .)
                0x0000000008010f24                . = ALIGN (0x4)
                0x0000000008010f24                _sidata = LOADADDR (.data)

.data           0x0000000020000000       0x7c load address 0x0000000008010f24
                0x0000000020000000                . = ALIGN (0x4)
                0x0000000020000000                _sdata = .
 *(.data)
 *(.data*)
 .data.RxAddress
                0x0000000020000000        0x5 Core/Src/main.o
                0x0000000020000000                RxAddress
 *fill*         0x0000000020000005        0x1 
 .data.throttle
                0x0000000020000006        0x2 Core/Src/main.o
                0x0000000020000006                throttle
 .data.idleSpeedMotor
                0x0000000020000008        0x2 Core/Src/main.o
                0x0000000020000008                idleSpeedMotor
 .data.manualTakeoffThrottle
                0x000000002000000a        0x2 Core/Src/main.o
                0x000000002000000a                manualTakeoffThrottle
 .data.SystemCoreClock
                0x000000002000000c        0x4 Core/Src/system_stm32f4xx.o
                0x000000002000000c                SystemCoreClock
 .data.uwTickPrio
                0x0000000020000010        0x4 Drivers/STM32F4xx_HAL_Driver/Src/stm32f4xx_hal.o
                0x0000000020000010                uwTickPrio
 .data.uwTickFreq
                0x0000000020000014        0x1 Drivers/STM32F4xx_HAL_Driver/Src/stm32f4xx_hal.o
                0x0000000020000014                uwTickFreq
 .data.__fdlib_version
                0x0000000020000015        0x1 c:/st/stm32cubeide_1.4.0/stm32cubeide/plugins/com.st.stm32cube.ide.mcu.externaltools.gnu-tools-for-stm32.7-2018-q2-update.win32_1.4.0.202007081208/tools/bin/../lib/gcc/arm-none-eabi/7.3.1/../../../../arm-none-eabi/lib/thumb/v7e-m/fpv4-sp/hard\libm.a(lib_a-s_lib_ver.o)
                0x0000000020000015                __fdlib_version
 *fill*         0x0000000020000016        0x2 
 .data._impure_ptr
                0x0000000020000018        0x4 c:/st/stm32cubeide_1.4.0/stm32cubeide/plugins/com.st.stm32cube.ide.mcu.externaltools.gnu-tools-for-stm32.7-2018-q2-update.win32_1.4.0.202007081208/tools/bin/../lib/gcc/arm-none-eabi/7.3.1/../../../../arm-none-eabi/lib/thumb/v7e-m/fpv4-sp/hard\libc_nano.a(lib_a-impure.o)
                0x0000000020000018                _impure_ptr
 .data.impure_data
                0x000000002000001c       0x60 c:/st/stm32cubeide_1.4.0/stm32cubeide/plugins/com.st.stm32cube.ide.mcu.externaltools.gnu-tools-for-stm32.7-2018-q2-update.win32_1.4.0.202007081208/tools/bin/../lib/gcc/arm-none-eabi/7.3.1/../../../../arm-none-eabi/lib/thumb/v7e-m/fpv4-sp/hard\libc_nano.a(lib_a-impure.o)
                0x000000002000007c                . = ALIGN (0x4)
                0x000000002000007c                _edata = .

.igot.plt       0x000000002000007c        0x0 load address 0x0000000008010fa0
 .igot.plt      0x000000002000007c        0x0 c:/st/stm32cubeide_1.4.0/stm32cubeide/plugins/com.st.stm32cube.ide.mcu.externaltools.gnu-tools-for-stm32.7-2018-q2-update.win32_1.4.0.202007081208/tools/bin/../lib/gcc/arm-none-eabi/7.3.1/thumb/v7e-m/fpv4-sp/hard/crtbegin.o
                0x000000002000007c                . = ALIGN (0x4)

.bss            0x0000000020000080      0xc4c load address 0x0000000008010fa0
                0x0000000020000080                _sbss = .
                0x0000000020000080                __bss_start__ = _sbss
 *(.bss)
 .bss           0x0000000020000080       0x1c c:/st/stm32cubeide_1.4.0/stm32cubeide/plugins/com.st.stm32cube.ide.mcu.externaltools.gnu-tools-for-stm32.7-2018-q2-update.win32_1.4.0.202007081208/tools/bin/../lib/gcc/arm-none-eabi/7.3.1/thumb/v7e-m/fpv4-sp/hard/crtbegin.o
 *(.bss*)
 .bss.AC1       0x000000002000009c        0x2 Core/Src/BMP180.o
                0x000000002000009c                AC1
 .bss.AC2       0x000000002000009e        0x2 Core/Src/BMP180.o
                0x000000002000009e                AC2
 .bss.AC3       0x00000000200000a0        0x2 Core/Src/BMP180.o
                0x00000000200000a0                AC3
 .bss.AC4       0x00000000200000a2        0x2 Core/Src/BMP180.o
                0x00000000200000a2                AC4
 .bss.AC5       0x00000000200000a4        0x2 Core/Src/BMP180.o
                0x00000000200000a4                AC5
 .bss.AC6       0x00000000200000a6        0x2 Core/Src/BMP180.o
                0x00000000200000a6                AC6
 .bss.B1        0x00000000200000a8        0x2 Core/Src/BMP180.o
                0x00000000200000a8                B1
 .bss.B2        0x00000000200000aa        0x2 Core/Src/BMP180.o
                0x00000000200000aa                B2
 .bss.MB        0x00000000200000ac        0x2 Core/Src/BMP180.o
                0x00000000200000ac                MB
 .bss.MC        0x00000000200000ae        0x2 Core/Src/BMP180.o
                0x00000000200000ae                MC
 .bss.MD        0x00000000200000b0        0x2 Core/Src/BMP180.o
                0x00000000200000b0                MD
 *fill*         0x00000000200000b2        0x2 
 .bss.UT        0x00000000200000b4        0x4 Core/Src/BMP180.o
                0x00000000200000b4                UT
 .bss.UP        0x00000000200000b8        0x4 Core/Src/BMP180.o
                0x00000000200000b8                UP
 .bss.X1        0x00000000200000bc        0x4 Core/Src/BMP180.o
                0x00000000200000bc                X1
 .bss.X2        0x00000000200000c0        0x4 Core/Src/BMP180.o
                0x00000000200000c0                X2
 .bss.X3        0x00000000200000c4        0x4 Core/Src/BMP180.o
                0x00000000200000c4                X3
 .bss.B3        0x00000000200000c8        0x4 Core/Src/BMP180.o
                0x00000000200000c8                B3
 .bss.B5        0x00000000200000cc        0x4 Core/Src/BMP180.o
                0x00000000200000cc                B5
 .bss.B4        0x00000000200000d0        0x4 Core/Src/BMP180.o
                0x00000000200000d0                B4
 .bss.B6        0x00000000200000d4        0x4 Core/Src/BMP180.o
                0x00000000200000d4                B6
 .bss.B7        0x00000000200000d8        0x4 Core/Src/BMP180.o
                0x00000000200000d8                B7
 .bss.Press     0x00000000200000dc        0x4 Core/Src/BMP180.o
                0x00000000200000dc                Press
 .bss.Serial1   0x00000000200000e0      0x21c Core/Src/GPS.o
                0x00000000200000e0                Serial1
 .bss.sectorAddrs
                0x00000000200002fc        0x4 Core/Src/flash.o
 .bss.sectorNum
                0x0000000020000300        0x1 Core/Src/flash.o
 *fill*         0x0000000020000301        0x3 
 .bss.hadc1     0x0000000020000304       0x48 Core/Src/main.o
                0x0000000020000304                hadc1
 .bss.hdma_adc1
                0x000000002000034c       0x60 Core/Src/main.o
                0x000000002000034c                hdma_adc1
 .bss.hi2c1     0x00000000200003ac       0x54 Core/Src/main.o
                0x00000000200003ac                hi2c1
 .bss.hi2c2     0x0000000020000400       0x54 Core/Src/main.o
                0x0000000020000400                hi2c2
 .bss.hspi1     0x0000000020000454       0x58 Core/Src/main.o
                0x0000000020000454                hspi1
 .bss.htim1     0x00000000200004ac       0x40 Core/Src/main.o
                0x00000000200004ac                htim1
 .bss.htim2     0x00000000200004ec       0x40 Core/Src/main.o
                0x00000000200004ec                htim2
 .bss.htim4     0x000000002000052c       0x40 Core/Src/main.o
                0x000000002000052c                htim4
 .bss.huart4    0x000000002000056c       0x40 Core/Src/main.o
                0x000000002000056c                huart4
 .bss.huart5    0x00000000200005ac       0x40 Core/Src/main.o
                0x00000000200005ac                huart5
 .bss.huart1    0x00000000200005ec       0x40 Core/Src/main.o
                0x00000000200005ec                huart1
 .bss.RxData    0x000000002000062c       0x20 Core/Src/main.o
                0x000000002000062c                RxData
 .bss.DoCaoHienTai
                0x000000002000064c        0x1 Core/Src/main.o
                0x000000002000064c                DoCaoHienTai
 *fill*         0x000000002000064d        0x3 
 .bss.Altitude  0x0000000020000650        0x4 Core/Src/main.o
                0x0000000020000650                Altitude
 .bss.escFrontRightCCW
                0x0000000020000654        0x2 Core/Src/main.o
                0x0000000020000654                escFrontRightCCW
 .bss.escRearRightCW
                0x0000000020000656        0x2 Core/Src/main.o
                0x0000000020000656                escRearRightCW
 .bss.escRearLeftCCW
                0x0000000020000658        0x2 Core/Src/main.o
                0x0000000020000658                escRearLeftCCW
 .bss.escFrontLeftCW
                0x000000002000065a        0x2 Core/Src/main.o
                0x000000002000065a                escFrontLeftCW
 .bss.roll      0x000000002000065c        0x2 Core/Src/main.o
                0x000000002000065c                roll
 .bss.pitch     0x000000002000065e        0x2 Core/Src/main.o
                0x000000002000065e                pitch
 .bss.yaw       0x0000000020000660        0x2 Core/Src/main.o
                0x0000000020000660                yaw
 .bss.flightMode
                0x0000000020000662        0x1 Core/Src/main.o
                0x0000000020000662                flightMode
 .bss.waypointSet
                0x0000000020000663        0x1 Core/Src/main.o
                0x0000000020000663                waypointSet
 .bss.takeoffDetected
                0x0000000020000664        0x1 Core/Src/main.o
                0x0000000020000664                takeoffDetected