std_abs.h:74:3:constexpr float std::abs(float)	16	static
GPS.cpp:8:1:GPS::GPS(GPIO_TypeDef*, uint16_t)	24	static
GPS.cpp:13:6:void GPS::setKgainConstantRoll(float, float)	24	static
GPS.cpp:18:19:HAL_StatusTypeDef GPS::Init()	80	static
GPS.cpp:58:6:void GPS::ReadGPS(uint8_t, uint8_t*, uint8_t*, float)	56	static
GPS.cpp:250:5:int GPS::GetLat()	24	static
GPS.cpp:257:5:int GPS::GetLon()	24	static
GPS.cpp:267:6:void USART1_IRQHandler()	8	static
GPS.cpp:277:1:void __static_initialization_and_destruction_0(int, int)	16	static
GPS.cpp:277:1:cpp)	8	static
