HuLaNRF24L01.c:20:6:CS_Select	8	static
HuLaNRF24L01.c:25:6:CS_UnSelect	8	static
HuLaNRF24L01.c:31:6:CE_Enable	8	static
HuLaNRF24L01.c:36:6:CE_Disable	8	static
HuLaNRF24L01.c:44:6:nrf24_WriteReg	24	static
HuLaNRF24L01.c:60:6:nrf24_WriteRegMulti	32	static
HuLaNRF24L01.c:77:9:nrf24_ReadReg	24	static
HuLaNRF24L01.c:95:6:nrf24_ReadReg_Multi	24	static
HuLaNRF24L01.c:109:6:nrfsendCmd	16	static
HuLaNRF24L01.c:120:6:nrf24_reset	40	static
HuLaNRF24L01.c:168:6:NRF24_Init	8	static
HuLaNRF24L01.c:199:6:NRF24_TxMode	24	static
HuLaNRF24L01.c:222:9:NRF24_Transmit	24	static
HuLaNRF24L01.c:259:6:NRF24_RxMode	24	static
HuLaNRF24L01.c:299:9:isDataAvailable	24	static
HuLaNRF24L01.c:315:6:NRF24_Receive	24	static
HuLaNRF24L01.c:341:6:NRF24_ReadAll	32	static
