dwt_stm32_delay.h:25:22:void DWT_Delay_us(uint32_t)	24	static
main.cpp:130:6:void ReceiveDataFromNRF24L01()	8	static
main.cpp:165:6:void ReadDataFromBMP180()	16	static
main.cpp:176:5:int main()	48	static
main.cpp:467:6:void SystemClock_Config()	88	static
main.cpp:511:13:void MX_ADC1_Init()	24	static
main.cpp:561:13:void MX_I2C1_Init()	8	static
main.cpp:595:13:void MX_I2C2_Init()	8	static
main.cpp:629:13:void MX_SPI1_Init()	8	static
main.cpp:667:13:void MX_TIM1_Init()	32	static
main.cpp:713:13:void MX_TIM2_Init()	32	static
main.cpp:758:13:void MX_TIM4_Init()	64	static
main.cpp:829:13:void MX_UART4_Init()	8	static
main.cpp:862:13:void MX_UART5_Init()	8	static
main.cpp:895:13:void MX_USART1_UART_Init()	8	static
main.cpp:926:13:void MX_DMA_Init()	16	static
main.cpp:944:13:void MX_GPIO_Init()	56	static
main.cpp:1005:6:void ChangeSetting()	56	static
main.cpp:1085:6:void StartStopTakeOff()	8	static
main.cpp:1194:6:void Error_Handler()	4	static
main.cpp:1200:1:void __static_initialization_and_destruction_0(int, int)	16	static
main.cpp:1200:1:cpp)	8	static
main.cpp:1200:1:cpp)	8	static
